Archive member included because of file (symbol)

D:/Freescale/CW MCU v10.4/MCU/ARM_GCC_Support/ewl/lib/armv7e-m\libc.a(exit.o)
                              ./Project_Settings/Startup_Code/__arm_start.o (exit)
D:/Freescale/CW MCU v10.4/MCU/ARM_GCC_Support/ewl/lib/armv7e-m\libc.a(memset.o)
                              ./Project_Settings/Startup_Code/__arm_start.o (memset)
D:/Freescale/CW MCU v10.4/MCU/ARM_GCC_Support/ewl/lib/armv7e-m\libc.a(printformat_.o)
                              (__pformatter_)
D:/Freescale/CW MCU v10.4/MCU/ARM_GCC_Support/ewl/lib/armv7e-m\libc.a(scanformat_.o)
                              (__sformatter)
D:/Freescale/CW MCU v10.4/MCU/ARM_GCC_Support/ewl/lib/armv7e-m\libc.a(ctype_aeabi.o)
                              D:/Freescale/CW MCU v10.4/MCU/ARM_GCC_Support/ewl/lib/armv7e-m\libc.a(scanformat_.o) (isspace)
D:/Freescale/CW MCU v10.4/MCU/ARM_GCC_Support/ewl/lib/armv7e-m\libc.a(__strtoul.o)
                              D:/Freescale/CW MCU v10.4/MCU/ARM_GCC_Support/ewl/lib/armv7e-m\libc.a(scanformat_.o) (__strtoul)
D:/Freescale/CW MCU v10.4/MCU/ARM_GCC_Support/ewl/lib/armv7e-m\libc.a(__filll_mem.o)
                              D:/Freescale/CW MCU v10.4/MCU/ARM_GCC_Support/ewl/lib/armv7e-m\libc.a(memset.o) (__fill_mem)
D:/Freescale/CW MCU v10.4/MCU/ARM_GCC_Support/ewl/lib/armv7e-m\libc.a(memchr.o)
                              D:/Freescale/CW MCU v10.4/MCU/ARM_GCC_Support/ewl/lib/armv7e-m\libc.a(printformat_.o) (memchr)
D:/Freescale/CW MCU v10.4/MCU/ARM_GCC_Support/ewl/lib/armv7e-m\libc.a(strchr.o)
                              D:/Freescale/CW MCU v10.4/MCU/ARM_GCC_Support/ewl/lib/armv7e-m\libc.a(printformat_.o) (strchr)
D:/Freescale/CW MCU v10.4/MCU/ARM_GCC_Support/ewl/lib/armv7e-m\libc.a(strlen.o)
                              D:/Freescale/CW MCU v10.4/MCU/ARM_GCC_Support/ewl/lib/armv7e-m\libc.a(printformat_.o) (strlen)
D:/Freescale/CW MCU v10.4/MCU/ARM_GCC_Support/ewl/lib/armv7e-m\librt.a(gcc_ctor_dtor.o)
                              ./Project_Settings/Startup_Code/__arm_start.o (__init_cpp)
D:/Freescale/CW MCU v10.4/MCU/ARM_GCC_Support/ewl/lib/armv7e-m\librt.a(ROMCopy.o)
                              ./Project_Settings/Startup_Code/__arm_start.o (__copy_rom_sections_to_ram)
D:/Freescale/CW MCU v10.4/MCU/ARM_GCC_Support/ewl/lib/armv7e-m\librt.a(__arm_eabi_init.o)
                              D:/Freescale/CW MCU v10.4/MCU/ARM_GCC_Support/ewl/lib/armv7e-m\libc.a(exit.o) (__destroy_global_chain)

Discarded input sections

 .text          0x00000000        0x0 ./Project_Settings/Startup_Code/kinetis_sysinit.o
 .data          0x00000000        0x0 ./Project_Settings/Startup_Code/kinetis_sysinit.o
 .bss           0x00000000        0x0 ./Project_Settings/Startup_Code/kinetis_sysinit.o
 .text          0x00000000        0x0 ./Project_Settings/Startup_Code/__arm_start.o
 .data          0x00000000        0x0 ./Project_Settings/Startup_Code/__arm_start.o
 .bss           0x00000000        0x0 ./Project_Settings/Startup_Code/__arm_start.o
 .text.__iar_program_start
                0x00000000        0x4 ./Project_Settings/Startup_Code/__arm_start.o
 .text          0x00000000        0x0 ./Project_Settings/Startup_Code/__arm_end.o
 .data          0x00000000        0x0 ./Project_Settings/Startup_Code/__arm_end.o
 .bss           0x00000000        0x0 ./Project_Settings/Startup_Code/__arm_end.o
 .text          0x00000000        0x0 ./Sources/main.o
 .data          0x00000000        0x0 ./Sources/main.o
 .bss           0x00000000        0x0 ./Sources/main.o
 .text          0x00000000        0x0 D:/Freescale/CW MCU v10.4/MCU/ARM_GCC_Support/ewl/lib/armv7e-m\libc.a(exit.o)
 .data          0x00000000        0x0 D:/Freescale/CW MCU v10.4/MCU/ARM_GCC_Support/ewl/lib/armv7e-m\libc.a(exit.o)
 .bss           0x00000000        0x0 D:/Freescale/CW MCU v10.4/MCU/ARM_GCC_Support/ewl/lib/armv7e-m\libc.a(exit.o)
 .text          0x00000000        0x0 D:/Freescale/CW MCU v10.4/MCU/ARM_GCC_Support/ewl/lib/armv7e-m\libc.a(memset.o)
 .data          0x00000000        0x0 D:/Freescale/CW MCU v10.4/MCU/ARM_GCC_Support/ewl/lib/armv7e-m\libc.a(memset.o)
 .bss           0x00000000        0x0 D:/Freescale/CW MCU v10.4/MCU/ARM_GCC_Support/ewl/lib/armv7e-m\libc.a(memset.o)
 .text          0x00000000        0x0 D:/Freescale/CW MCU v10.4/MCU/ARM_GCC_Support/ewl/lib/armv7e-m\libc.a(printformat_.o)
 .data          0x00000000        0x0 D:/Freescale/CW MCU v10.4/MCU/ARM_GCC_Support/ewl/lib/armv7e-m\libc.a(printformat_.o)
 .bss           0x00000000        0x0 D:/Freescale/CW MCU v10.4/MCU/ARM_GCC_Support/ewl/lib/armv7e-m\libc.a(printformat_.o)
 .text          0x00000000        0x0 D:/Freescale/CW MCU v10.4/MCU/ARM_GCC_Support/ewl/lib/armv7e-m\libc.a(scanformat_.o)
 .data          0x00000000        0x0 D:/Freescale/CW MCU v10.4/MCU/ARM_GCC_Support/ewl/lib/armv7e-m\libc.a(scanformat_.o)
 .bss           0x00000000        0x0 D:/Freescale/CW MCU v10.4/MCU/ARM_GCC_Support/ewl/lib/armv7e-m\libc.a(scanformat_.o)
 .text          0x00000000        0x0 D:/Freescale/CW MCU v10.4/MCU/ARM_GCC_Support/ewl/lib/armv7e-m\libc.a(ctype_aeabi.o)
 .data          0x00000000        0x0 D:/Freescale/CW MCU v10.4/MCU/ARM_GCC_Support/ewl/lib/armv7e-m\libc.a(ctype_aeabi.o)
 .bss           0x00000000        0x0 D:/Freescale/CW MCU v10.4/MCU/ARM_GCC_Support/ewl/lib/armv7e-m\libc.a(ctype_aeabi.o)
 .text.isalnum  0x00000000       0x18 D:/Freescale/CW MCU v10.4/MCU/ARM_GCC_Support/ewl/lib/armv7e-m\libc.a(ctype_aeabi.o)
 .text.iscntrl  0x00000000       0x1c D:/Freescale/CW MCU v10.4/MCU/ARM_GCC_Support/ewl/lib/armv7e-m\libc.a(ctype_aeabi.o)
 .text.isdigit  0x00000000        0xc D:/Freescale/CW MCU v10.4/MCU/ARM_GCC_Support/ewl/lib/armv7e-m\libc.a(ctype_aeabi.o)
 .text.isgraph  0x00000000       0x18 D:/Freescale/CW MCU v10.4/MCU/ARM_GCC_Support/ewl/lib/armv7e-m\libc.a(ctype_aeabi.o)
 .text.islower  0x00000000       0x1c D:/Freescale/CW MCU v10.4/MCU/ARM_GCC_Support/ewl/lib/armv7e-m\libc.a(ctype_aeabi.o)
 .text.isprint  0x00000000       0x18 D:/Freescale/CW MCU v10.4/MCU/ARM_GCC_Support/ewl/lib/armv7e-m\libc.a(ctype_aeabi.o)
 .text.ispunct  0x00000000       0x1c D:/Freescale/CW MCU v10.4/MCU/ARM_GCC_Support/ewl/lib/armv7e-m\libc.a(ctype_aeabi.o)
 .text.isupper  0x00000000       0x1c D:/Freescale/CW MCU v10.4/MCU/ARM_GCC_Support/ewl/lib/armv7e-m\libc.a(ctype_aeabi.o)
 .text.isxdigit
                0x00000000       0x1c D:/Freescale/CW MCU v10.4/MCU/ARM_GCC_Support/ewl/lib/armv7e-m\libc.a(ctype_aeabi.o)
 .text.isblank  0x00000000       0x28 D:/Freescale/CW MCU v10.4/MCU/ARM_GCC_Support/ewl/lib/armv7e-m\libc.a(ctype_aeabi.o)
 .text.tolower  0x00000000        0xc D:/Freescale/CW MCU v10.4/MCU/ARM_GCC_Support/ewl/lib/armv7e-m\libc.a(ctype_aeabi.o)
 .text          0x00000000        0x0 D:/Freescale/CW MCU v10.4/MCU/ARM_GCC_Support/ewl/lib/armv7e-m\libc.a(__strtoul.o)
 .data          0x00000000        0x0 D:/Freescale/CW MCU v10.4/MCU/ARM_GCC_Support/ewl/lib/armv7e-m\libc.a(__strtoul.o)
 .bss           0x00000000        0x0 D:/Freescale/CW MCU v10.4/MCU/ARM_GCC_Support/ewl/lib/armv7e-m\libc.a(__strtoul.o)
 .text          0x00000000        0x0 D:/Freescale/CW MCU v10.4/MCU/ARM_GCC_Support/ewl/lib/armv7e-m\libc.a(__filll_mem.o)
 .data          0x00000000        0x0 D:/Freescale/CW MCU v10.4/MCU/ARM_GCC_Support/ewl/lib/armv7e-m\libc.a(__filll_mem.o)
 .bss           0x00000000        0x0 D:/Freescale/CW MCU v10.4/MCU/ARM_GCC_Support/ewl/lib/armv7e-m\libc.a(__filll_mem.o)
 .text          0x00000000        0x0 D:/Freescale/CW MCU v10.4/MCU/ARM_GCC_Support/ewl/lib/armv7e-m\libc.a(memchr.o)
 .data          0x00000000        0x0 D:/Freescale/CW MCU v10.4/MCU/ARM_GCC_Support/ewl/lib/armv7e-m\libc.a(memchr.o)
 .bss           0x00000000        0x0 D:/Freescale/CW MCU v10.4/MCU/ARM_GCC_Support/ewl/lib/armv7e-m\libc.a(memchr.o)
 .text          0x00000000        0x0 D:/Freescale/CW MCU v10.4/MCU/ARM_GCC_Support/ewl/lib/armv7e-m\libc.a(strchr.o)
 .data          0x00000000        0x0 D:/Freescale/CW MCU v10.4/MCU/ARM_GCC_Support/ewl/lib/armv7e-m\libc.a(strchr.o)
 .bss           0x00000000        0x0 D:/Freescale/CW MCU v10.4/MCU/ARM_GCC_Support/ewl/lib/armv7e-m\libc.a(strchr.o)
 .text          0x00000000        0x0 D:/Freescale/CW MCU v10.4/MCU/ARM_GCC_Support/ewl/lib/armv7e-m\libc.a(strlen.o)
 .data          0x00000000        0x0 D:/Freescale/CW MCU v10.4/MCU/ARM_GCC_Support/ewl/lib/armv7e-m\libc.a(strlen.o)
 .bss           0x00000000        0x0 D:/Freescale/CW MCU v10.4/MCU/ARM_GCC_Support/ewl/lib/armv7e-m\libc.a(strlen.o)
 .text          0x00000000        0x0 D:/Freescale/CW MCU v10.4/MCU/ARM_GCC_Support/ewl/lib/armv7e-m\librt.a(gcc_ctor_dtor.o)
 .data          0x00000000        0x0 D:/Freescale/CW MCU v10.4/MCU/ARM_GCC_Support/ewl/lib/armv7e-m\librt.a(gcc_ctor_dtor.o)
 .bss           0x00000000        0x0 D:/Freescale/CW MCU v10.4/MCU/ARM_GCC_Support/ewl/lib/armv7e-m\librt.a(gcc_ctor_dtor.o)
 .bss.__dso_handle
                0x00000000        0x4 D:/Freescale/CW MCU v10.4/MCU/ARM_GCC_Support/ewl/lib/armv7e-m\librt.a(gcc_ctor_dtor.o)
 .text          0x00000000        0x0 D:/Freescale/CW MCU v10.4/MCU/ARM_GCC_Support/ewl/lib/armv7e-m\librt.a(ROMCopy.o)
 .data          0x00000000        0x0 D:/Freescale/CW MCU v10.4/MCU/ARM_GCC_Support/ewl/lib/armv7e-m\librt.a(ROMCopy.o)
 .bss           0x00000000        0x0 D:/Freescale/CW MCU v10.4/MCU/ARM_GCC_Support/ewl/lib/armv7e-m\librt.a(ROMCopy.o)
 .text.__flush_cache
                0x00000000        0x2 D:/Freescale/CW MCU v10.4/MCU/ARM_GCC_Support/ewl/lib/armv7e-m\librt.a(ROMCopy.o)
 .text          0x00000000        0x0 D:/Freescale/CW MCU v10.4/MCU/ARM_GCC_Support/ewl/lib/armv7e-m\librt.a(__arm_eabi_init.o)
 .data          0x00000000        0x0 D:/Freescale/CW MCU v10.4/MCU/ARM_GCC_Support/ewl/lib/armv7e-m\librt.a(__arm_eabi_init.o)
 .bss           0x00000000        0x0 D:/Freescale/CW MCU v10.4/MCU/ARM_GCC_Support/ewl/lib/armv7e-m\librt.a(__arm_eabi_init.o)
 .text.__register_global_object
                0x00000000       0x14 D:/Freescale/CW MCU v10.4/MCU/ARM_GCC_Support/ewl/lib/armv7e-m\librt.a(__arm_eabi_init.o)
 .text.__cxa_atexit
                0x00000000       0x38 D:/Freescale/CW MCU v10.4/MCU/ARM_GCC_Support/ewl/lib/armv7e-m\librt.a(__arm_eabi_init.o)
 .text.__aeabi_atexit
                0x00000000        0xa D:/Freescale/CW MCU v10.4/MCU/ARM_GCC_Support/ewl/lib/armv7e-m\librt.a(__arm_eabi_init.o)
 .text.__register_atexit
                0x00000000        0x8 D:/Freescale/CW MCU v10.4/MCU/ARM_GCC_Support/ewl/lib/armv7e-m\librt.a(__arm_eabi_init.o)
 .text.__init_hardware
                0x00000000        0x4 D:/Freescale/CW MCU v10.4/MCU/ARM_GCC_Support/ewl/lib/armv7e-m\librt.a(__arm_eabi_init.o)
 .bss.atexit_curr_func
                0x00000000        0x4 D:/Freescale/CW MCU v10.4/MCU/ARM_GCC_Support/ewl/lib/armv7e-m\librt.a(__arm_eabi_init.o)
 .bss.atexit_funcs
                0x00000000      0x300 D:/Freescale/CW MCU v10.4/MCU/ARM_GCC_Support/ewl/lib/armv7e-m\librt.a(__arm_eabi_init.o)

Memory Configuration

Name             Origin             Length             Attributes
m_interrupts     0x00000000         0x000001e0         xr
m_cfmprotrom     0x00000400         0x00000010         xr
m_text           0x00000800         0x0007f800         xr
m_data           0x1fff0000         0x00010000         xrw
m_data2          0x20000000         0x00010000         xrw
*default*        0x00000000         0xffffffff

Linker script and memory map

LOAD ./Project_Settings/Startup_Code/kinetis_sysinit.o
LOAD ./Project_Settings/Startup_Code/__arm_start.o
LOAD ./Project_Settings/Startup_Code/__arm_end.o
LOAD ./Sources/main.o
                0x00000c48                __pformatter = __pformatter_
                [0x00001040]                __sformatter = __sformatter
START GROUP
LOAD D:/Freescale/CW MCU v10.4/MCU/ARM_GCC_Support/ewl/lib/armv7e-m\libc.a
LOAD D:/Freescale/CW MCU v10.4/MCU/ARM_GCC_Support/ewl/lib/armv7e-m\libm.a
LOAD d:/freescale/cw mcu v10.4/cross_tools/arm-none-eabi-gcc-4_7_3/bin/../lib/gcc/arm-none-eabi/4.7.3/armv7e-m\libgcc.a
LOAD D:/Freescale/CW MCU v10.4/MCU/ARM_GCC_Support/ewl/lib/armv7e-m\librt.a
LOAD D:/Freescale/CW MCU v10.4/MCU/ARM_GCC_Support/ewl/lib/armv7e-m\libuart.a
END GROUP
                0x20000000                _estack = 0x20000000
                0x20000000                __SP_INIT = _estack
                0x00000800                __heap_size = 0x800
                0x00000800                __stack_size = 0x800

.interrupts     0x00000000      0x1e0
                0x00000000                __vector_table = .
                0x00000000                . = ALIGN (0x4)
 *(.vectortable)
 .vectortable   0x00000000      0x1e0 ./Project_Settings/Startup_Code/kinetis_sysinit.o
                0x00000000                InterruptVector
                0x000001e0                . = ALIGN (0x4)

.cfmprotect     0x00000400        0x0
                0x00000400                . = ALIGN (0x4)
 *(.cfmconfig)
                0x00000400                . = ALIGN (0x4)

.text           0x00000800     0x159c
                0x00000800                . = ALIGN (0x4)
 *(.text)
 *(.text*)
 .text.Default_Handler
                0x00000800        0xc ./Project_Settings/Startup_Code/kinetis_sysinit.o
                0x00000800                HardFault_Handler
                0x00000800                SysTick_Handler
                0x00000800                PendSV_Handler
                0x00000800                NMI_Handler
                0x00000800                UsageFault_Handler
                0x00000800                Default_Handler
                0x00000800                MemManage_Handler
                0x00000800                SVC_Handler
                0x00000800                BusFault_Handler
                0x00000800                DebugMonitor_Handler
 .text.__init_hardware
                0x0000080c       0x44 ./Project_Settings/Startup_Code/kinetis_sysinit.o
                0x0000080c                __init_hardware
 .text.zero_fill_bss
                0x00000850       0x2c ./Project_Settings/Startup_Code/__arm_start.o
 .text.__thumb_startup
                0x0000087c       0x30 ./Project_Settings/Startup_Code/__arm_start.o
                0x0000087c                __thumb_startup
 .text._ExitProcess
                0x000008ac        0xc ./Project_Settings/Startup_Code/__arm_end.o
                0x000008ac                _ExitProcess
 .text.delay    0x000008b8       0x5c ./Sources/main.o
                0x000008b8                delay
 .text.Beep_Init
                0x00000914       0x68 ./Sources/main.o
                0x00000914                Beep_Init
 .text.FTM2_Init
                0x0000097c       0x60 ./Sources/main.o
                0x0000097c                FTM2_Init
 .text.Beep_setup
                0x000009dc       0x30 ./Sources/main.o
                0x000009dc                Beep_setup
 .text.main     0x00000a0c       0x60 ./Sources/main.o
                0x00000a0c                main
 .text.exit     0x00000a6c       0x38 D:/Freescale/CW MCU v10.4/MCU/ARM_GCC_Support/ewl/lib/armv7e-m\libc.a(exit.o)
                0x00000a6c                exit
 .text.memset   0x00000aa4        0xc D:/Freescale/CW MCU v10.4/MCU/ARM_GCC_Support/ewl/lib/armv7e-m\libc.a(memset.o)
                0x00000aa4                memset
 .text.long2str.isra.0
                0x00000ab0      0x196 D:/Freescale/CW MCU v10.4/MCU/ARM_GCC_Support/ewl/lib/armv7e-m\libc.a(printformat_.o)
 *fill*         0x00000c46        0x2 00
 .text.__pformatter_
                0x00000c48      0x3f8 D:/Freescale/CW MCU v10.4/MCU/ARM_GCC_Support/ewl/lib/armv7e-m\libc.a(printformat_.o)
                0x00000c48                __pformatter_
 .text.__sformatter
                0x00001040      0x6f4 D:/Freescale/CW MCU v10.4/MCU/ARM_GCC_Support/ewl/lib/armv7e-m\libc.a(scanformat_.o)
                0x00001040                __sformatter
 .text.isalpha  0x00001734       0x1c D:/Freescale/CW MCU v10.4/MCU/ARM_GCC_Support/ewl/lib/armv7e-m\libc.a(ctype_aeabi.o)
                0x00001734                isalpha
 .text.isspace  0x00001750       0x1c D:/Freescale/CW MCU v10.4/MCU/ARM_GCC_Support/ewl/lib/armv7e-m\libc.a(ctype_aeabi.o)
                0x00001750                isspace
 .text.toupper  0x0000176c        0xc D:/Freescale/CW MCU v10.4/MCU/ARM_GCC_Support/ewl/lib/armv7e-m\libc.a(ctype_aeabi.o)
                0x0000176c                toupper
 .text.__strtoul
                0x00001778      0x214 D:/Freescale/CW MCU v10.4/MCU/ARM_GCC_Support/ewl/lib/armv7e-m\libc.a(__strtoul.o)
                0x00001778                __strtoul
 .text.__fill_mem
                0x0000198c       0x76 D:/Freescale/CW MCU v10.4/MCU/ARM_GCC_Support/ewl/lib/armv7e-m\libc.a(__filll_mem.o)
                0x0000198c                __fill_mem
 .text.memchr   0x00001a02       0x18 D:/Freescale/CW MCU v10.4/MCU/ARM_GCC_Support/ewl/lib/armv7e-m\libc.a(memchr.o)
                0x00001a02                memchr
 .text.strchr   0x00001a1a       0x1a D:/Freescale/CW MCU v10.4/MCU/ARM_GCC_Support/ewl/lib/armv7e-m\libc.a(strchr.o)
                0x00001a1a                strchr
 .text.strlen   0x00001a34       0x10 Dt:\õ¾%ç­ñ‹Xb€¤°ÕðtrîcåK?V=wZ¢ø$4cðsn”šHy‘ì´û%”$3Ü&¨E\¨ ™OÖ-u*—¤™¢0‹7õÉ^W¼©‡á”½mï)ªJó˜ÏõF+¥¶òLÇ¬w0'ÚwØ’â_ºîÍÏãw•TDs/îpHºZÚ?4–z')G˜>MKÙÏ|?YÃ”òÆu£	-£1PQ P~ì]5™ù¿‹Êl1ëÕþ^‘y~Sˆ}Ô°ô5`qzT„æûî‘kÇÚ¬„´ý±z	ª«;`qµ Eö{
‚‚g'×2±±Á³˜è `„ƒþØ
>ïWý4Þ¥Íâ]÷¸\HüÂì¶m<åƒ¾áØA®ÂuZú¶ÿ¥	úØ#TmÏŽ¢Š÷O%¡¢üši$ßÓÉŠØ€F`„¾ZøiçLå'˜ñ/«TÈp‰$P5&¤$,R,Ru»9}))\¹ÚÔa­Eð­4jÏ¹’Å6½*E¿ÛñëPà{P2J-µÇ¿Ãà#Ë^iLà+“|lD&¦ ²âkëVà>@Éa¡`®øéëÇq•ãÞT=+_–Š%ËcÜÏð´Ÿ
[¯âEíûøÏ%ét}âHzp‚sr?Ñ~°¿;Ÿ„ÎéæÙ«2fkŽ›îkoÖ{m§9Öû³±R¤ë ˜ÉÛ§t²	;?Ý‚‰šêo-È‡û4Úró'JÎ´àJý‚fáüº^ÿxVðriX~ÿÖ-NV@¿P0CH—ƒþª^»||éa9Vl7l!½BÈ˜ë×½Eì	gYBO¿8¬î+	·†¬ô+5–'gÀ,u~’Ïtì±OI9!øÜšéGb]wÕðë
9ŽÅÈ	£`Ós·!?ú]Á}X´hi7¹Y4ïµŠ‰ {@¹ “Â,}èÊi¡ËdþÎÚ
ÞÑ“mCà»Ü0¡%ÈÈ‹$2†ÁFÂvxÝ·YByõÕ`ÞÀšÙ[ù‹!5¦
óç?”Yr$,Hü+³ØÄ)¦Ç‚b/ß,ü®ÆìÓr{uxõ(âãÏhA<ôÅ.K
Ä!]˜%ôz­^øÂç³ò&{`ôÄ“ï—Žê¿å±±M#9Cn·×û§hÿ\ü%å¸ŒÎ&jb+¸d$ÐÉÑ8]ý©©mû³?©¥“ˆ0°\¬†~lAi[ç¹Æ4br|­´G±»1ùh©œãé|ïyLËqIzqÞÚíŠÊ¢Œ¸‚:“ÕŸzd»8må –‹…ƒjh‡¾é­}°¡/2Ž;å-"9‘ýÝSMÕ      0x18 D:/Freescale/CW MCU v10.4/MCU/ARM_GCC_Support/ewl/lib/armv7e-m\librt.a(__arm_eabi_init.o)
                0x00001b38                __destroy_global_chain
 .text.__init_registers
                0x00001b50       0x24 D:/Freescale/CW MCU v10.4/MCU/ARM_GCC_Support/ewl/lib/armv7e-m\librt.a(__arm_eabi_init.o)
                0x00001b50                __init_registers
 .text.__init_user
                0x00001b74        0x4 D:/Freescale/CW MCU v10.4/MCU/ARM_GCC_Support/ewl/lib/armv7e-m\librt.a(__arm_eabi_init.o)
                0x00001b74                __init_user
 *(.rodata)
 *(.rodata*)
 .rodata.note   0x00001b78       0x8c ./Sources/main.o
                0x00001b78                note
 .rodata.duration
                0x00001c04       0x8c ./Sources/main.o
                0x00001c04                duration
 .rodata.str1.1
                0x00001c90        0x1 D:/Freescale/CW MCU v10.4/MCU/ARM_GCC_Support/ewl/lib/armv7e-m\libc.a(printformat_.o)
 .rodata.CSWTCH.20
                0x00001c91        0x5 D:/Freescale/CW MCU v10.4/MCU/ARM_GCC_Support/ewl/lib/armv7e-m\libc.a(printformat_.o)
 .rodata.CSWTCH.21
                0x00001c96        0x5 D:/Freescale/CW MCU v10.4/MCU/ARM_GCC_Support/ewl/lib/armv7e-m\libc.a(printformat_.o)
 .rodata.__aeabi_ctype_table_C
                0x00001c9b      0x101 D:/Freescale/CW MCU v10.4/MCU/ARM_GCC_Support/ewl/lib/armv7e-m\libc.a(ctype_aeabi.o)
                0x00001c9b                __aeabi_ctype_table_C
 *(.glue_7)
 .glue_7        0x00000000        0x0 linker stubs
 *(.glue_7t)
 .glue_7t       0x00000000        0x0 linker stubs
 *(.eh_frame)
 *(.init)
 *(.fini)
                0x00001d9c                . = ALIGN (0x4)
                0x00001d9c                _etext = .

.vfp11_veneer   0x00001d9c        0x0
 .vfp11_veneer  0x00000000        0x0 linker stubs

.v4_bx          0x00001d9c        0x0
 .v4_bx         0x00000000        0x0 linker stubs

.iplt           0x00001d9c        0x0
 .iplt          0x00000000        0x0 ./Project_Settings/Startup_Code/kinetis_sysinit.o

.rel.dyn        0x00001d9c        0x0
 .rel.iplt      0x00000000        0x0 ./Project_Settings/Startup_Code/kinetis_sysinit.o

.ARM.extab
 *(.ARM.extab* .gnu.linkonce.armextab.*)

.ARM            0x00001d9c        0x0
                0x00001d9c                __exidx_start = .
 *(.ARM.exidx*)
                0x00001d9c                __exidx_end = .

.ctors          0x00001d9c        0x0
                0x00001d9c                __CTOR_LIST__ = .
 *crtbegin.o(.ctors)
 *(EXCLUDE_FILE(*crtend.o) .ctors)
 *(SORT(.ctors.*))
 *(.ctors)
                0x00001d9c                __CTOR_END__ = .

.dtors          0x00001d9c        0x0
                0x00001d9c                __DTOR_LIST__ = .
 *crtbegin.o(.dtors)
 *(EXCLUDE_FILE(*crtend.o) .dtors)
 *(SORT(.dtors.*))
 *(.dtors)
                0x00001d9c                __DTOR_END__ = .

.preinit_array  0x00001d9c        0x0
                0x00001d9c                PROVIDE (__preinit_array_start, .)
 *(.preinit_array*)
                0x00001d9c                PROVIDE (__preinit_array_end, .)

.init_array     0x00001d9c        0x0
                0x00001d9c                PROVIDE (__init_array_start, .)
 *(SORT(.init_array.*))
 *(.init_array*)
                0x00001d9c                PROVIDE (__init_array_end, .)

.fini_array     0x00001d9c        0x0
                0x00001d9c                PROVIDE (__fini_array_start, .)
 *(SORT(.fini_array.*))
 *(.fini_array*)
                0x00001d9c                PROVIDE (__fini_array_end, .)
                0x00001d9c                ___ROM_AT = .

.data           0x1fff0000        0x0 load address 0x00001d9c
                0x1fff0000                . = ALIGN (0x4)
                0x1fff0000                _sdata = .
 *(.data)
 *(.data*)
                0x1fff0000                . = ALIGN (0x4)
                0x1fff0000                _edata = .
                0x00000000                ___data_size = (_edata - _sdata)
                0x00001d9c                ___m_data2_ROMStart = (___ROM_AT + SIZEOF (.data))

.igot.plt       0x1fff0000        0x0
 .igot.plt      0x00000000        0x0 ./Project_Settings/Startup_Code/kinetis_sysinit.o

.user_data2     0x20000000        0x0 load address 0x00001d9c
                0x20000000                . = ALIGN (0x4)
                0x20000000                ___m_data2_RAMStart = .
 *(.data2)
                0x20000000                ___m_data2_RAMEnd = .
                0x20000000                . = ALIGN (0x4)
                0x00000000                ___m_data2_ROMSize = (___m_data2_RAMEnd - ___m_data2_RAMStart)
                0x20000000                . = ALIGN (0x4)

.bss            0x1fff0000       0x1c
                0x1fff0000                __START_BSS = .
                0x1fff0000                PROVIDE (__bss_start__, __START_BSS)
 *(.bss)
 *(.bss*)
 .bss.argv      0x1fff0000        0x4 ./Project_Settings/Startup_Code/__arm_start.o
 .bss.__stdio_exit
         ž¾Fô‚­Ý’ck…E\Jl™§cX
­—áïG¦p [–àuˆÑ whÐ¯"Þ~MV[}ÔÜÇhÕ•Bþ
’N9/à#’FhŒÍSXEÂW:|m1WågXŠ0Îw7[ñxa?wŽ=èþ‘:ÐÅi·Î»yáÅt¸lþ¯5¸ØJf,È–5À‘Q×Ü0“å\'‚öªëeoñ¿æ#Ø;„íçIãþVÅØq(œå#ÍQÃuUQÿdN]Ãà;•Äœ”‰D¿5pû‘MžCf:†ƒÕË#Îº :â‹,³8—|J?‘¶ô'Ý´^C’õPw¬ŒAâTåaòZü(µlã'Ï 	ÜßÝW†¹hµÈ¯s5©g¼ôùÇµ[Æ|g˜8³FœÙfØÐXïuf·ÒÀƒ^›šo{J‰^jŸÏ¬WÂÄëd¥äq}ñEkàˆ3›µ5‰i£¸¯Âú¥a÷jûÅ“Û7”K ëh³$~÷¶0'Ày˜h‡Q›d¨;k`â¬ ‚Ù!bÒ±Y@‰€µ~\ŽŠûÈShÁDN!N+¹l1ú¾­ö3p§´¶ƒ¦Ç·è4ÆH
výS¾—ÏpÝØí©hÃªŸîñ¼fxåÂœ2Ç™¬iPtÔtDã|ÈÊâ½À©ßZ¯k­_¥ä,gúøÿÑžÃˆE²éâZ'þÚÇ#k)o‚VqQöï¶Å¨8yv»<æö B°¼DµmÌèóàª#>4g¬fÇ*ùôKÑ Y ŸÊâÀÇß*_µ!v%£ÉÅ’-S_	3À/QÂÈšdÆ	4éû‚÷ºLHôèøÈÏQ)»7ßàQ|ä€Êë"^$WØ9^F¨’»Ñ(QìV8Lh©iP±U€>ÃrÌ¦³,Ð³;ãF©Ýe5|›Hü'’og2]KˆÌo`²¾5žÀÉ))á	i“¢_šÃËn¬©„9M}eÁ/,|’!T¯Y00p‚r-1„ùÃx¼h¦ßÄÏn.–®G—1WL;Î©)¼ú“ÍàÛN ‘ï=¼BDTxí§ì$V/ÄK„Ëá“ÕÃû|¶µŽ>¿ovì=Õ2Öž¼:+z±ä÷¶‹ê¥¾Ÿð ÍI'Œ,ÛAz<A‘^ÿÉÂ£3¡©$tKÕÀ£ýÆ †Ý'ƒk¦Qæ|L(R|Î@®õºžàœ²ý›]ÂZ-š´—¦Rg7›5—0ÿ¾8•MÛú?y”&™ùIÊ'á–óî•ê'|9ò<QP{ëÑÍA{)š
S‘Gˆ‘¹#É«ÈD3Í’¤aFH!™ÇÖùÙÚ»€
|6/ÐfF-LIGN (0x4)
                0x1fff001c                PROVIDE (end, .)
                0x1fff001c                PROVIDE (_end, .)
                0x1fff001c                __heap_addr = .
                0x1fff081c                . = (. + __heap_size)
 *fill*         0x1fff001c      0x800 00
                0x1fff101c                . = (. + __stack_size)
 *fill*         0x1fff081c      0x800 00
                0x1fff101c                . = ALIGN (0x4)
                0x00001d9c                _romp_at = ((___ROM_AT + SIZEOF (.data)) + SIZEOF (.user_data2))

.romp           0x20000000       0x24 load address 0x00001d9c
                0x00001d9c                __S_romp = _romp_at
                0x20000000        0x4 LONG 0x1d9c ___ROM_AT
                0x20000004        0x4 LONG 0x1fff0000 _sdata
                0x20000008        0x4 LONG 0x0 ___data_size
                0x2000000c        0x4 LONG 0x1d9c ___m_data2_ROMStart
                0x20000010        0x4 LONG 0x20000000 ___m_data2_RAMStart
                0x20000014        0x4 LONG 0x0 ___m_data2_ROMSize
                0x20000018        0x4 LONG 0x0
                0x2000001c        0x4 LONG 0x0
                0x20000020        0x4 LONG 0x0

.ARM.attributes
                0x00000000       0x33
 *(.ARM.attributes)
 .ARM.attributes
                0x00000000       0x33 ./Project_Settings/Startup_Code/kinetis_sysinit.o
 .ARM.attributes
                0x00000033       0x33 ./Project_Settings/Startup_Code/__arm_start.o
 .ARM.attributes
                0x00000066       0x33 ./Project_Settings/Startup_Code/__arm_end.o
 .ARM.attributes
                0x00000099       0x33 ./Sources/main.o
 .ARM.attributes
                0x000000cc       0x33 D:/Freescale/CW MCU v10.4/MCU/ARM_GCC_Support/ewl/lib/armv7e-m\libc.a(exit.o)
 .ARM.attributes
                0x000000ff       0x33 D:/Freescale/CW MCU v10.4/MCU/ARM_GCC_Support/ewl/lib/armv7e-m\libc.a(memset.o)
 .ARM.attributes
                0x00000132       0x33 D:/Freescale/CW MCU v10.4/MCU/ARM_GCC_Support/ewl/lib/armv7e-m\libc.a(printformat_.o)
 .ARM.attributes
                0x00000165       0x33 D:/Freescale/CW MCU v10.4/MCU/ARM_GCC_Support/ewl/lib/armv7e-m\libc.a(scanformat_.o)
 .ARM.attributes
                0x00000198       0x33 D:/Freescale/CW MCU v10.4/MCU/ARM_GCC_Support/ewl/lib/armv7e-m\libc.a(ctype_aeabi.o)
 .ARM.attributes
                0x000001cb       0x33 D:/Freescale/CW MCU v10.4/MCU/ARM_GCC_Support/ewl/lib/armv7e-m\libc.a(__strtoul.o)
 .ARM.attributes
                0x000001fe       0x33 D:/Freescale/CW MCU v10.4/MCU/ARM_GCC_Support/ewl/lib/armv7e-m\libc.a(__filll_mem.o)
 .ARM.attributes
                0x00000231       0x33 D:/Freescale/CW MCU v10.4/MCU/ARM_GCC_Support/ewl/lib/armv7e-m\libc.a(memchr.o)
 .ARM.attributes
                0x00000264       0x33 D:/Freescale/CW MCU v10.4/MCU/ARM_GCC_Support/ewl/lib/armv7e-m\libc.a(strchr.o)
 .ARM.attributes
                0x00000297       0x33 D:/Freescale/CW MCU v10.4/MCU/ARM_GCC_Support/ewl/lib/armv7e-m\libc.a(strlen.o)
 .ARM.attributes
                0x000002ca       0x33 D:/Freescale/CW MCU v10.4/MCU/ARM_GCC_Support/ewl/lib/armv7e-m\librt.a(gcc_ctor_dtor.o)
 .ARM.attributes
                0x000002fd       0x33 D:/Freescale/CW MCU v10.4/MCU/ARM_GCC_Support/ewl/lib/armv7e-m\librt.a(ROMCopy.o)
 .ARM.attributes
                0x00000330       0x33 D:/Freescale/CW MCU v10.4/MCU/ARM_GCC_Support/ewl/lib/armv7e-m\librt.a(__arm_eabi_init.o)
OUTPUT(SING.elf elf32-littlearm)

.debug_info     0x00000000     0x2603
 .debug_info    0x00000000      0x357 ./Project_Settings/Startup_Code/kinetis_sysinit.o
 .debug_info    0x00000357      0x12a ./Project_Settings/Startup_Code/__arm_start.o
 .debug_info    0x00000481       0x54 ./Project_Settings/Startup_Code/__arm_end.o
 .debug_info    0x000004d5      0x63e ./Sources/main.o
 .debug_info    0x00000b13       0xe8 D:/Freescale/CW MCU v10.4/MCU/ARM_GCC_Support/ewl/lib/armv7e-m\libc.a(exit.o)
 .debug_info    0x00000bfb       0xec D:/Freescale/CW MCU v10.4/MCU/ARM_GCC_Support/ewl/lib/armv7e-m\libc.a(memset.o)
 .debug_info    0x00000ce7      0x50e D:/Freescale/CW MCU v10.4/MCU/ARM_GCC_Support/ewl/lib/armv7e-m\libc.a(printformat_.o)
 .debug_info    0x000011f5      0x565 D:/Freescale/CW MCU v10.4/MCU/ARM_GCC_Support/ewl/lib/armv7e-m\libc.a(scanformat_.o)
 .debug_info    0x0000175a      0x306 D:/Freescale/CW MCU v10.4/MCU/ARM_GCC_Support/ewl/lib/armv7e-m\libc.a(ctype_aeabi.o)
 .debug_info    0x00001a60      0x1d6 D:/Freescale/CW MCU v10.4/MCU/ARM_GCC_Support/ewl/lib/armv7e-m\libc.a(__strtoul.o)
 .debug_info    0x00001c36      0x135 D:/Freescale/CW MCU v10.4/MCU/ARM_GCC_Support/ewl/lib/armv7e-m\libc.a(__filll_mem.o)
 .debug_info    0x00001d6b      0x120 D:/Freescale/CW MCU v10.4/MCU/ARM_GCC_Support/ewl/lib/armv7e-m\libc.a(memchr.o)
 .debug_info    0x00001e8b      0x108 D:/Freescale/CW MCU v10.4/MCU/ARM_GCC_Support/ewl/lib/armv7e-m\libc.a(strchr.o)
 .debug_info    0x00001f93       0xeb D:/Freescale/CW MCU v10.4/MCU/ARM_GCC_Support/ewl/lib/armv7e-m\libc.a(strlen.o)
 .debug_info    0x0000207e      0x136 D:/Freescale/CW MCU v10.4/MCU/ARM_GCC_Support/ewl/lib/armv7e-m\librt.a(gcc_ctor_dtor.o)
 .debug_info    0x000021b4      0x19a D:/Freescale/CW MCU v10.4/MCU/ARM_GCC_Support/ewl/lib/armv7e-m\librt.a(ROMCopy.o)
 .debug_info    0x0000234e      0x2b5 D:/Freescale/CW MCU v10.4/MCU/ARM_GCC_Support/ewl/lib/armv7e-m\librt.a(__arm_eabi_init.o)

.debug_abbrev   0x00000000      0xee2
 .debug_abbrev  0x00000000       0xf6 ./Project_Settings/Startup_Code/kinetis_sysinit.o
 .debug_abbrev  0x000000f6       0x92 ./Project_Settings/Startup_Code/__arm_start.o
 .debug_abbrev  0x00000188       0x4c ./Project_Settings/Startup_Code/__arm_end.o
 .debug_abbrev  0x000001d4      0x140 ./Sources/main.o
 .debug_abbrev  0x00000314       0x7a D:/Freescale/CW MCU v10.4/MCU/ARM_GCC_Support/ewl/lib/armv7e-m\libc.a(exit.o)
 .debug_abbrev  0x0000038e       0x62 D:/Freescale/CW MCU v10.4/MCU/ARM_GCC_Support/ewl/lib/armv7e-m\libc.a(memset.o)
 .debug_abbrev  0x000003f0      0x200 D:/Freescale/CW MCU v10.4/MCU/ARM_GCC_Support/ewl/lib/armv7e-m\libc.a(printformat_.o)
 .debug_abbrev  0x000005f0      0x1f0 D:/Freescale/CW MCU v10.4/MCU/ARM_GCC_Support/ewl/lib/armv7e-m\libc.a(scanformat_.o)
 .debug_abbrev  0x000007e0       0x85 D:/Freescale/CW MCU v10.4/MCU/ARM_GCC_Support/ewl/lib/armv7e-m\libc.a(ctype_aeabi.o)
 .debug_abbrev  0x00000865       0xc2 D:/Freescale/CW MCU v10.4/MCU/ARM_GCC_Support/ewl/lib/armv7e-m\libc.a(__strtoul.o)
 .debug_abbrev  0x00000927       0x87 D:/Freescale/CW MCU v10.4/MCU/ARM_GCC_Support/ewl/lib/armv7e-m\libc.a(__filll_mem.o)
 .debug_abbrev  0x000009ae       0x95 D:/Freescale/CW MCU v10.4/MCU/ARM_GCC_Support/ewl/lib/armv7e-m\libc.a(memchr.o)
 .debug_abbrev  0x00000a43       0x89 D:/Freescale/CW MCU v10.4/MCU/ARM_GCC_Support/ewl/lib/armv7e-m\libc.a(strchr.o)
 .debug_abbrev  0x00000acc       0x7a D:/Freescale/CW MCU v10.4/MCU/ARM_GCC_Support/ewl/lib/armv7e-m\libc.a(strlen.o)
 .debug_abbrev  0x00000b46       0x99 D:/Freescale/CW MCU v10.4/MCU/ARM_GCC_Support/ewl/lib/armv7e-m\librt.a(gcc_ctor_dtor.o)
 .debug_abbrev  0x00000bdf      0x137 D:/Freescale/CW MCU v10.4/MCU/ARM_GCC_Support/ewl/lib/armv7e-m\librt.a(ROMCopy.o)
 .debug_abbrev  0x00000d16      0x1cc D:/Freescale/CW MCU v10.4/MCU/ARM_GCC_Support/ewl/lib/armv7e-m\librt.a(__arm_eabi_init.o)

.debug_loc      0x00000000     0x2003
 .debug_loc     0x00000000       0x58 ./Project_Settings/Startup_Code/kinetis_sysinit.o
 .debug_loc     0x00000058       0x2c ./Project_Settings/Startup_Code/__arm_start.o
 .debug_loc     0x00000084       0x38 ./Project_Settings/Startup_Code/__arm_end.o
 .debug_loc     0x000000bc      0x100 ./Sources/main.o
 .debug_loc     0x000001bc       0x3e D:/Freescale/CW MCU v10.4/MCU/ARM_GCC_Support/ewl/lib/armv7e-m\libc.a(exit.o)
 .debug_loc     0x000001fa       0x64 D:/Freescale/CW MCU v10.4/MCU/ARM_GCC_Support/ewl/lib/armv7e-m\libc.a(memset.o)
 .debug_loc     0x0000025e      0xbdc D:/Freescale/CW MCU v10.4/MCU/ARM_GCC_Support/ewl/lib/armv7e-m\libc.a(printformat_.o)
 .debug_loc     0x00000e3a      0x8b6 D:/Freescale/CW MCU v10.4/MCU/ARM_GCC_Support/ewl/lib/armv7e-m\libc.a(scanformat_.o)
 .debug_loc     0x000016f0      0x18e D:/Freescale/CW MCU v10.4/MCU/ARM_GCC_Support/ewl/lib/armv7e-m\libc.a(ctype_aeabi.o)
 .debug_loc     0x0000187e      0x2bb D:/Freescale/CW MCU v10.4/MCU/ARM_GCC_Support/ewl/lib/armv7e-m\libc.a(__strtoul.o)
 .debug_loc     0x00001b39      0x12c D:/Freescale/CW MCU v10.4/MCU/ARM_GCC_Support/ewl/lib/armv7e-m\libc.a(__filll_mem.o)
 .debug_loc     0x00001c65       0x62 D:/Freescale/CW MCU v10.4/MCU/ARM_GCC_Support/ewl/lib/armv7e-m\libc.a(memchr.o)
 .debug_loc     0x00001cc7       0x7c D:/Freescale/CW MCU v10.4/MCU/ARM_GCC_Support/ewl/lib/armv7e-m\libc.a(strchr.o)
 .debug_loc     0x00001d43       0x26 D:/Freescale/CW MCU v10.4/MCU/ARM_GCC_Support/ewl/lib/armv7e-m\libc.a(strlen.o)
 .debug_loc     0x00001d69       0x9d D:/Freescale/CW MCU v10.4/MCU/ARM_GCC_Support/ewl/lib/armv7e-m\librt.a(gcc_ctor_dtor.o)
 .debug_loc     0x00001e06       0xb9 D:/Freescale/CW MCU v10.4/MCU/ARM_GCC_Support/ewl/lib/armv7e-m\librt.a(ROMCopy.o)
 .debug_loc     0x00001ebf      0x144 D:/Freescale/CW MCU v10.4/MCU/ARM_GCC_Support/ewl/lib/armv7e-m\librt.a(__arm_eabi_init.o)

.debug_aranges  0x00000000      0x318
 .debug_aranges
                0x00000000       0x28 ./Project_Settings/Startup_Code/kinetis_sysinit.o
 .debug_aranges
                0x00000028       0x30 ./Project_Settings/Startup_Code/__arm_start.o
 .debug_aranges
                0x00000058       0x20 ./Project_Settings/Startup_Code/__arm_end.o
 .debug_aranges
                0x00000078       0x40 ./Sources/main.o
 .debug_aranges
                0x000000b8       0x20 D:/Freescale/CW MCU v10.4/MCU/ARM_GCC_Support/ewl/lib/armv7e-m\libc.a(exit.o)
 .debug_aranges
                0x000000d8       0x20 D:/Freescale/CW MCU v10.4/MCU/ARM_GCC_Support/ewl/lib/armv7e-m\libc.a(memset.o)
 .debug_aranges
                0x000000f8       0x28 D:/Freescale/CW MCU v10.4/MCU/ARM_GCC_Support/ewl/lib/armv7e-m\libc.a(printformat_.o)
 .debug_aranges
                0x00000120       0x20 D:/Freescale/CW MCU v10.4/MCU/ARM_GCC_Support/ewl/lib/armv7e-m\libc.a(scanformat_.o)
 .debug_aranges
                0x00000140       0x88 D:/Freescale/CW MCU v10.4/MCU/ARM_GCC_Support/ewl/lib/armv7e-m\libc.a(ctype_aeabi.o)
 .debug_aranges
                0x000001c8       0x20 D:/Freescale/CW MCU v10.4/MCU/ARM_GCC_Support/ewl/lib/armv7e-m\libc.a(__strtoul.o)
 .debug_aranges
                0x000001e8       0x20 D:/Freescale/CW MCU v10.4/MCU/ARM_GCC_Support/ewl/lib/armv7e-m\libc.a(__filll_mem.o)
 .debug_aranges
                0x00000208       0x20 D:/Freescale/CW MCU v10.4/MCU/ARM_GCC_Support/ewl/lib/armv7e-m\libc.a(memchr.o)
 .debug_aranges
                0x00000228       0x20 D:/Freescale/CW MCU v10.4/MCU/ARM_GCC_Support/ewl/lib/armv7e-m\libc.a(strchr.o)
 .debug_aranges
                0x00000248       0x20 D:/Freescale/CW MCU v10.4/MCU/ARM_GCC_Support/ewl/lib/armv7e-m\libc.a(strlen.o)
 .debug_aranges
                0x00000268       0x28 D:/Freescale/CW MCU v10.4/MCU/ARM_GCC_Support/ewl/lib/armv7e-m\librt.a(gcc_ctor_dtor.o)
 .debug_aranges
                0x00000290       0x30 D:/Freescale/CW MCU v10.4/MCU/ARM_GCC_Support/ewl/lib/armv7e-m\librt.a(ROMCopy.o)
 .debug_aranges
                0x000002c0       0x58 D:/Freescale/CW MCU v10.4/MCU/ARM_GCC_Support/ewl/lib/armv7e-m\librt.a(__arm_eabi_init.o)

.debug_macinfo  0x00000000    0xbfd75
 .debug_macinfo
                0x00000000    0x5c3e0 ./Project_Settings/Startup_Code/kinetis_sysinit.o
 .debug_macinfo
                0x0005c3e0     0x3f3e ./Project_Settings/Startup_Code/__arm_start.o
 .debug_macinfo
                0x0006031e     0x3527 ./Project_Settings/Startup_Code/__arm_end.o
 .debug_macinfo
                0x00063845    0x5c530 ./Sources/main.o

.debug_line     0x00000000     0x1736
 .debug_line    0x00000000      0x20c ./Project_Settings/Startup_Code/kinetis_sysinit.o
 .debug_line    0x0000020c      0x28e ./Project_Settings/Startup_Code/__arm_start.o
 .debug_line    0x0000049a      0x266 ./Project_Settings/Startup_Code/__arm_end.o
 .debug_line    0x00000700      0x22f ./Sources/main.o
 .debug_line    0x0000092f       0x94 D:/Freescale/CW MCU v10.4/MCU/ARM_GCC_Support/ewl/lib/armv7e-m\libc.a(exit.o)
 .debug_line    0x000009c3       0x8f D:/Freescale/CW MCU v10.4/MCU/ARM_GCC_Support/ewl/lib/armv7e-m\libc.a(memset.o)
 .debug_line    0x00000a52      0x2b4 D:/Freescale/CW MCU v10.4/MCU/ARM_GCC_Support/ewl/lib/armv7e-m\libc.a(printformat_.o)
 .debug_line    0x00000d06      0x2df D:/Freescale/CW MCU v10.4/MCU/ARM_GCC_Support/ewl/lib/armv7e-m\libc.a(scanformat_.o)
 .debug_line    0x00000fe5      0x1a9 D:/Freescale/CW MCU v10.4/MCU/ARM_GCC_Support/ewl/lib/armv7e-m\libc.a(ctype_aeabi.o)
 .debug_line    0x0000118e      0x11b D:/Freescale/CW MCU v10.4/MCU/ARM_GCC_Support/ewl/lib/armv7e-m\libc.a(__strtoul.o)
 .debug_line    0x000012a9       0xcd D:/Freescale/CW MCU v10.4/MCU/ARM_GCC_Support/ewl/lib/armv7e-m\libc.a(__filll_mem.o)
 .debug_line    0x00001376       0x9f D:/Freescale/CW MCU v10.4/MCU/ARM_GCC_Support/ewl/lib/armv7e-m\libc.a(memchr.o)
 .debug_line    0x00001415       0x7d D:/Freescale/CW MCU v10.4/MCU/ARM_GCC_Support/ewl/lib/armv7e-m\libc.a(strchr.o)
 .debug_line    0x00001492       0x83 D:/Freescale/CW MCU v10.4/MCU/ARM_GCC_Support/ewl/lib/armv7e-m\libc.a(strlen.o)
 .debug_line    0x00001515       0x67 D:/Freescale/CW MCU v10.4/MCU/ARM_GCC_Support/ewl/lib/armv7e-m\librt.a(gcc_ctor_dtor.o)
 .debug_line    0x0000157c       0xa9 D:/Freescale/CW MCU v10.4/MCU/ARM_GCC_Support/ewl/lib/armv7e-m\librt.a(ROMCopy.o)
 .debug_line    0x00001625      0x111 D:/Freescale/CW MCU v10.4/MCU/ARM_GCC_Support/ewl/lib/armv7e-m\librt.a(__arm_eabi_init.o)

.debug_str      0x00000000      0xd7f
 .debug_str     0x00000000      0x253 ./Project_Settings/Startup_Code/kinetis_sysinit.o
                                0x27a (size before relaxing)
 .debug_str     0x00000253       0x85 ./Project_Settings/Startup_Code/__arm_start.o
                                0x18c (size before relaxing)
 .debug_str     0x000002d8       0x41 ./Project_Settings/Startup_Code/__arm_end.o
                                 0xc3 (size before relaxing)
 .debug_str     0x00000319      0x1fa ./Sources/main.o
                                0x328 (size before relaxing)
 .debug_str     0x00000513       0x5a D:/Freescale/CW MCU v10.4/MCU/ARM_GCC_Support/ewl/lib/armv7e-m\libc.a(exit.o)
                                0x157 (size before relaxing)
 .debug_str     0x0000056d       0x23 D:/Freescale/CW MCU v10.4/MCU/ARM_GCC_Support/ewl/lib/armv7e-m\libc.a(memset.o)
                                0x140 (size before relaxing)
 .debug_str     0x00000590      0x23b D:/Freescale/CW MCU v10.4/MCU/ARM_GCC_Support/ewl/lib/armv7e-m\libc.a(printformat_.o)
                                0x3b3 (size before relaxing)
 .debug_str     0x000007cb      0x184 D:/Freescale/CW MCU v10.4/MCU/ARM_GCC_Support/ewl/lib/armv7e-m\libc.a(scanformat_.o)
                                0x3f9 (size before relaxing)
 .debug_str     0x0000094f       0x9d D:/Freescale/CW MCU v10.4/MCU/ARM_GCC_Support/ewl/lib/armv7e-m\libc.a(ctype_aeabi.o)
                                0x1bc (size before relaxing)
 .debug_str     0x000009ec       0x5b D:/Freescale/CW MCU v10.4/MCU/ARM_GCC_Support/ewl/lib/armv7e-m\libc.a(__strtoul.o)
                                0x1fb (size before relaxing)
 .debug_str     0x00000a47       0x25 D:/Freescale/CW MCU v10.4/MCU/ARM_GCC_Support/ewl/lib/armv7e-m\libc.a(__filll_mem.o)
                                0x152 (size before relaxing)
 .debug_str     0x00000a6c       0x1c D:/Freescale/CW MCU v10.4/MCU/ARM_GCC_Support/ewl/lib/armv7e-m\libc.a(memchr.o)
                                0x148 (size before relaxing)
 .debug_str     0x00000a88       0x1c D:/Freescale/CW MCU v10.4/MCU/ARM_GCC_Support/ewl/lib/armv7e-m\libc.a(strchr.o)
                                0x137 (size before relaxing)
 .debug_str     0x00000aa4       0x1c D:/Freescale/CW MCU v10.4/MCU/ARM_GCC_Support/ewl/lib/armv7e-m\libc.a(strlen.o)
                                0x140 (size before relaxing)
 .debug_str     0x00000ac0      0x126 D:/Freescale/CW MCU v10.4/MCU/ARM_GCC_Support/ewl/lib/armv7e-m\librt.a(gcc_ctor_dtor.o)
                                0x181 (size before relaxing)
 .debug_str     0x00000be6       0xa1 D:/Freescale/CW MCU v10.4/MCU/ARM_GCC_Support/ewl/lib/armv7e-m\librt.a(ROMCopy.o)
                                0x13c (size before relaxing)
 .debug_str     0x00000c87       0xf8 D:/Freescale/CW MCU v10.4/MCU/ARM_GCC_Support/ewl/lib/armv7e-m\librt.a(__arm_eabi_init.o)
                                0x1b5 (size before relaxing)

.comment        0x00000000       0x79
 .comment       0x00000000       0x79 ./Project_Settings/Startup_Code/kinetis_sysinit.o
                                 0x7a (size before relaxing)
 .comment       0x00000000       0x7a ./Project_Settings/Startup_Code/__arm_start.o
 .comment       0x00000000       0x7a ./Project_Settings/Startup_Code/__arm_end.o
 .comment       0x00000000       0x7a ./Sources/main.o
 .comment       0x00000000       0x7a D:/Freescale/CW MCU v10.4/MCU/ARM_GCC_Support/ewl/lib/armv7e-m\libc.a(exit.o)
 .comment       0x00000000       0x7a D:/Freescale/CW MCU v10.4/MCU/ARM_GCC_Support/ewl/lib/armv7e-m\libc.a(memset.o)
 .comment       0x00000000       0x7a D:/Freescale/CW MCU v10.4/MCU/ARM_GCC_Support/ewl/lib/armv7e-m\libc.a(printformat_.o)
 .comment       0x00000000       0x7a D:/Freescale/CW MCU v10.4/MCU/ARM_GCC_Support/ewl/lib/armv7e-m\libc.a(scanformat_.o)
 .comment       0x00000000       0x7a D:/Freescale/CW MCU v10.4/MCU/ARM_GCC_Support/ewl/lib/armv7e-m\libc.a(ctype_aeabi.o)
 .comment       0x00000000       0x7a D:/Freescale/CW MCU v10.4/MCU/ARM_GCC_Support/ewl/lib/armv7e-m\libc.a(__strtoul.o)
 .comment       0x00000000       0x7a D:/Freescale/CW MCU v10.4/MCU/ARM_GCC_Support/ewl/lib/armv7e-m\libc.a(__filll_mem.o)
 .comment       0x00000000       0x7a D:/Freescale/CW MCU v10.4/MCU/ARM_GCC_Support/ewl/lib/armv7e-m\libc.a(memchr.o)
 .comment       0x00000000       0x7a D:/Freescale/CW MCU v10.4/MCU/ARM_GCC_Support/ewl/lib/armv7e-m\libc.a(strchr.o)
 .comment       0x00000000       0x7a D:/Freescale/CW MCU v10.4/MCU/ARM_GCC_Support/ewl/lib/armv7e-m\libc.a(strlen.o)
 .comment       0x00000000       0x7a D:/Freescale/CW MCU v10.4/MCU/ARM_GCC_Support/ewl/lib/armv7e-m\librt.a(gcc_ctor_dtor.o)
 .comment       0x00000000       0x7a D:/Freescale/CW MCU v10.4/MCU/ARM_GCC_Support/ewl/lib/armv7e-m\librt.a(ROMCopy.o)
 .comment       0x00000000       0x7a D:/Freescale/CW MCU v10.4/MCU/ARM_GCC_Support/ewl/lib/armv7e-m\librt.a(__arm_eabi_init.o)

.debug_frame    0x00000000      0x52c
 .debug_frame   0x00000000       0x40 ./Project_Settings/Startup_Code/kinetis_sysinit.o
 .debug_frame   0x00000040       0x4c ./Project_Settings/Startup_Code/__arm_start.o
 .debug_frame   0x0000008c       0x2c ./Project_Settings/Startup_Code/__arm_end.o
 .debug_frame   0x000000b8       0x98 ./Sources/main.o
 .debug_frame   0x00000150       0x28 D:/Freescale/CW MCU v10.4/MCU/ARM_GCC_Support/ewl/lib/armv7e-m\libc.a(exit.o)
 .debug_frame   0x00000178       0x28 D:/Freescale/CW MCU v10.4/MCU/ARM_GCC_Support/ewl/lib/armv7e-m\libc.a(memset.o)
 .debug_frame   0x000001a0       0x64 D:/Freescale/CW MCU v10.4/MCU/ARM_GCC_Support/ewl/lib/armv7e-m\libc.a(printformat_.o)
 .debug_frame   0x00000204       0x3c D:/Freescale/CW MCU v10.4/MCU/ARM_GCC_Support/ewl/lib/armv7e-m\libc.a(scanformat_.o)
 .debug_frame   0x00000240       0xf0 D:/Freescale/CW MCU v10.4/MCU/ARM_GCC_Support/ewl/lib/armv7e-m\libc.a(ctype_aeabi.o)
 .debug_frame   0x00000330       0x3c D:/Freescale/CW MCU v10.4/MCU/ARM_GCC_Support/ewl/lib/armv7e-m\libc.a(__strtoul.o)
 .debug_frame   0x0000036c       0x2c D:/Freescale/CW MCU v10.4/MCU/ARM_GCC_Support/ewl/lib/armv7e-m\libc.a(__filll_mem.o)
 .debug_frame   0x00000398       0x20 D:/Freescale/CW MCU v10.4/MCU/ARM_GCC_Support/ewl/lib/armv7e-m\libc.a(memchr.o)
 .debug_frame   0x000003b8       0x20 D:/Freescale/CW MCU v10.4/MCU/ARM_GCC_Support/ewl/lib/armv7e-m\libc.a(strchr.o)
 .debug_frame   0x000003d8       0x20 D:/Freescale/CW MCU v10.4/MCU/ARM_GCC_Support/ewl/lib/armv7e-m\libc.a(strlen.o)
 .debug_frame   0x000003f8       0x40 D:/Freescale/CW MCU v10.4/MCU/ARM_GCC_Support/ewl/lib/armv7e-m\librt.a(gcc_ctor_dtor.o)
 .debug_frame   0x00000438       0x48 D:/Freescale/CW MCU v10.4/MCU/ARM_GCC_Support/ewl/lib/armv7e-m\librt.a(ROMCopy.o)
 .debug_frame   0x00000480       0xac D:/Freescale/CW MCU v10.4/MCU/ARM_GCC_Support/ewl/lib/armv7e-m\librt.a(__arm_eabi_init.o)
