Archive member included because of file (symbol)

E:/Freescale/CW MCU v10.5/MCU/ARM_GCC_Support/ewl/lib/armv7e-m\libc.a(exit.o)
                              ./Project_Settings/Startup_Code/__arm_start.o (exit)
E:/Freescale/CW MCU v10.5/MCU/ARM_GCC_Support/ewl/lib/armv7e-m\libc.a(memset.o)
                              ./Project_Settings/Startup_Code/__arm_start.o (memset)
E:/Freescale/CW MCU v10.5/MCU/ARM_GCC_Support/ewl/lib/armv7e-m\libc.a(printformat_.o)
                              (__pformatter_)
E:/Freescale/CW MCU v10.5/MCU/ARM_GCC_Support/ewl/lib/armv7e-m\libc.a(scanformat_.o)
                              (__sformatter)
E:/Freescale/CW MCU v10.5/MCU/ARM_GCC_Support/ewl/lib/armv7e-m\libc.a(ctype_aeabi.o)
                              E:/Freescale/CW MCU v10.5/MCU/ARM_GCC_Support/ewl/lib/armv7e-m\libc.a(scanformat_.o) (isspace)
E:/Freescale/CW MCU v10.5/MCU/ARM_GCC_Support/ewl/lib/armv7e-m\libc.a(__strtoul.o)
                              E:/Freescale/CW MCU v10.5/MCU/ARM_GCC_Support/ewl/lib/armv7e-m\libc.a(scanformat_.o) (__strtoul)
E:/Freescale/CW MCU v10.5/MCU/ARM_GCC_Support/ewl/lib/armv7e-m\libc.a(__filll_mem.o)
                              E:/Freescale/CW MCU v10.5/MCU/ARM_GCC_Support/ewl/lib/armv7e-m\libc.a(memset.o) (__fill_mem)
E:/Freescale/CW MCU v10.5/MCU/ARM_GCC_Support/ewl/lib/armv7e-m\libc.a(memchr.o)
                              E:/Freescale/CW MCU v10.5/MCU/ARM_GCC_Support/ewl/lib/armv7e-m\libc.a(printformat_.o) (memchr)
E:/Freescale/CW MCU v10.5/MCU/ARM_GCC_Support/ewl/lib/armv7e-m\libc.a(strchr.o)
                              E:/Freescale/CW MCU v10.5/MCU/ARM_GCC_Support/ewl/lib/armv7e-m\libc.a(printformat_.o) (strchr)
E:/Freescale/CW MCU v10.5/MCU/ARM_GCC_Support/ewl/lib/armv7e-m\libc.a(strlen.o)
                              E:/Freescale/CW MCU v10.5/MCU/ARM_GCC_Support/ewl/lib/armv7e-m\libc.a(printformat_.o) (strlen)
E:/Freescale/CW MCU v10.5/MCU/ARM_GCC_Support/ewl/lib/armv7e-m\librt.a(gcc_ctor_dtor.o)
                              ./Project_Settings/Startup_Code/__arm_start.o (__init_cpp)
E:/Freescale/CW MCU v10.5/MCU/ARM_GCC_Support/ewl/lib/armv7e-m\librt.a(ROMCopy.o)
                              ./Project_Settings/Startup_Code/__arm_start.o (__copy_rom_sections_to_ram)
E:/Freescale/CW MCU v10.5/MCU/ARM_GCC_Support/ewl/lib/armv7e-m\librt.a(__arm_eabi_init.o)
                              E:/Freescale/CW MCU v10.5/MCU/ARM_GCC_Support/ewl/lib/armv7e-m\libc.a(exit.o) (__destroy_global_chain)

Discarded input sections

 .text          0x00000000        0x0 ./Project_Settings/Startup_Code/kinetis_sysinit.o
 .data          0x00000000        0x0 ./Project_Settings/Startup_Code/kinetis_sysinit.o
 .bss           0x00000000        0x0 ./Project_Settings/Startup_Code/kinetis_sysinit.o
 .text          0x00000000        0x0 ./Project_Settings/Startup_Code/__arm_start.o
 .data          0x00000000        0x0 ./Project_Settings/Startup_Code/__arm_start.o
 .bss           0x00000000        0x0 ./Project_Settings/Startup_Code/__arm_start.o
 .text.__iar_program_start
                0x00000000        0x4 ./Project_Settings/Startup_Code/__arm_start.o
 .text          0x00000000        0x0 ./Project_Settings/Startup_Code/__arm_end.o
 .data          0x00000000        0x0 ./Project_Settings/Startup_Code/__arm_end.o
 .bss           0x00000000        0x0 ./Project_Settings/Startup_Code/__arm_end.o
 .text          0x00000000        0x0 ./Sources/main.o
 .data          0x00000000        0x0 ./Sources/main.o
 .bss           0x00000000        0x0 ./Sources/main.o
 .bss.encoding_flag
                0x00000000        0x2 ./Sources/main.o
 .bss.temp      0x00000000        0x2 ./Sources/main.o
 .text.delay    0x00000000       0x44 ./Sources/main.o
 .text          0x00000000        0x0 ./Sources/LED_CODE.o
 .data          0x00000000        0x0 ./Sources/LED_CODE.o
 .bss           0x00000000        0x0 ./Sources/LED_CODE.o
 .text          0x00000000        0x0 ./Sources/INKEY.o
 .data          0x00000000        0x0 ./Sources/INKEY.o
 .bss           0x00000000        0x0 ./Sources/INKEY.o
 .text.delayms  0x00000000       0x44 ./Sources/INKEY.o
 .text          0x00000000        0x0 E:/Freescale/CW MCU v10.5/MCU/ARM_GCC_Support/ewl/lib/armv7e-m\libc.a(exit.o)
 .data          0x00000000        0x0 E:/Freescale/CW MCU v10.5/MCU/ARM_GCC_Support/ewl/lib/armv7e-m\libc.a(exit.o)
 .bss           0x00000000        0x0 E:/Freescale/CW MCU v10.5/MCU/ARM_GCC_Support/ewl/lib/armv7e-m\libc.a(exit.o)
 .text          0x00000000        0x0 E:/Freescale/CW MCU v10.5/MCU/ARM_GCC_Support/ewl/lib/armv7e-m\libc.a(memset.o)
 .data          0x00000000        0x0 E:/Freescale/CW MCU v10.5/MCU/ARM_GCC_Support/ewl/lib/armv7e-m\libc.a(memset.o)
 .bss           0x00000000        0x0 E:/Freescale/CW MCU v10.5/MCU/ARM_GCC_Support/ewl/lib/armv7e-m\libc.a(memset.o)
 .text          0x00000000        0x0 E:/Freescale/CW MCU v10.5/MCU/ARM_GCC_Support/ewl/lib/armv7e-m\libc.a(printformat_.o)
 .data          0x00000000        0x0 E:/Freescale/CW MCU v10.5/MCU/ARM_GCC_Support/ewl/lib/armv7e-m\libc.a(printformat_.o)
 .bss           0x00000000        0x0 E:/Freescale/CW MCU v10.5/MCU/ARM_GCC_Support/ewl/lib/armv7e-m\libc.a(printformat_.o)
 .text          0x00000000        0x0 E:/Freescale/CW MCU v10.5/MCU/ARM_GCC_Support/ewl/lib/armv7e-m\libc.a(scanformat_.o)
 .data          0x00000000        0x0 E:/Freescale/CW MCU v10.5/MCU/ARM_GCC_Support/ewl/lib/armv7e-m\libc.a(scanformat_.o)
 .bss           0x00000000        0x0 E:/Freescale/CW MCU v10.5/MCU/ARM_GCC_Support/ewl/lib/armv7e-m\libc.a(scanformat_.o)
 .text          0x00000000        0x0 E:/Freescale/CW MCU v10.5/MCU/ARM_GCC_Support/ewl/lib/armv7e-m\libc.a(ctype_aeabi.o)
 .data          0x00000000        0x0 E:/Freescale/CW MCU v10.5/MCU/ARM_GCC_Support/ewl/lib/armv7e-m\libc.a(ctype_aeabi.o)
 .bss           0x00000000        0x0 E:/Freescale/CW MCU v10.5/MCU/ARM_GCC_Support/ewl/lib/armv7e-m\libc.a(ctype_aeabi.o)
 .text.isalnum  0x00000000       0x18 E:/Freescale/CW MCU v10.5/MCU/ARM_GCC_Support/ewl/lib/armv7e-m\libc.a(ctype_aeabi.o)
 .text.iscntrl  0x00000000       0x1c E:/Freescale/CW MCU v10.5/MCU/ARM_GCC_Support/ewl/lib/armv7e-m\libc.a(ctype_aeabi.o)
 .text.isdigit  0x00000000        0xc E:/Freescale/CW MCU v10.5/MCU/ARM_GCC_Support/ewl/lib/armv7e-m\libc.a(ctype_aeabi.o)
 .text.isgraph  0x00000000       0x18 E:/Freescale/CW MCU v10.5/MCU/ARM_GCC_Support/ewl/lib/armv7e-m\libc.a(ctype_aeabi.o)
 .text.islower  0x00000000       0x1c E:/Freescale/CW MCU v10.5/MCU/ARM_GCC_Support/ewl/lib/armv7e-m\libc.a(ctype_aeabi.o)
 .text.isprint  0x00000000       0x18 E:/Freescale/CW MCU v10.5/MCU/ARM_GCC_Support/ewl/lib/armv7e-m\libc.a(ctype_aeabi.o)
 .text.ispunct  0x00000000       0x1c E:/Freescale/CW MCU v10.5/MCU/ARM_GCC_Support/ewl/lib/armv7e-m\libc.a(ctype_aeabi.o)
 .text.isupper  0x00000000       0x1c E:/Freescale/CW MCU v10.5/MCU/ARM_GCC_Support/ewl/lib/armv7e-m\libc.a(ctype_aeabi.o)
 .text.isxdigit
                0x00000000       0x1c E:/Freescale/CW MCU v10.5/MCU/ARM_GCC_Support/ewl/lib/armv7e-m\libc.a(ctype_aeabi.o)
 .text.isblank  0x00000000       0x28 E:/Freescale/CW MCU v10.5/MCU/ARM_GCC_Support/ewl/lib/armv7e-m\libc.a(ctype_aeabi.o)
 .text.tolower  0x00000000        0xc E:/Freescale/CW MCU v10.5/MCU/ARM_GCC_Support/ewl/lib/armv7e-m\libc.a(ctype_aeabi.o)
 .text          0x00000000        0x0 E:/Freescale/CW MCU v10.5/MCU/ARM_GCC_Support/ewl/lib/armv7e-m\libc.a(__strtoul.o)
 .data          0x00000000        0x0 E:/Freescale/CW MCU v10.5/MCU/ARM_GCC_Support/ewl/lib/armv7e-m\libc.a(__strtoul.o)
 .bss           0x00000000        0x0 E:/Freescale/CW MCU v10.5/MCU/ARM_GCC_Support/ewl/lib/armv7e-m\libc.a(__strtoul.o)
 .text          0x00000000        0x0 E:/Freescale/CW MCU v10.5/MCU/ARM_GCC_Support/ewl/lib/armv7e-m\libc.a(__filll_mem.o)
 .data          0x00000000        0x0 E:/Freescale/CW MCU v10.5/MCU/ARM_GCC_Support/ewl/lib/armv7e-m\libc.a(__filll_mem.o)
 .bss           0x00000000        0x0 E:/Freescale/CW MCU v10.5/MCU/ARM_GCC_Support/ewl/lib/armv7e-m\libc.a(__filll_mem.o)
 .text          0x00000000        0x0 E:/Freescale/CW MCU v10.5/MCU/ARM_GCC_Support/ewl/lib/armv7e-m\libc.a(memchr.o)
 .data          0x00000000        0x0 E:/Freescale/CW MCU v10.5/MCU/ARM_GCC_Support/ewl/lib/armv7e-m\libc.a(memchr.o)
 .bss           0x00000000        0x0 E:/Freescale/CW MCU v10.5/MCU/ARM_GCC_Support/ewl/lib/armv7e-m\libc.a(memchr.o)
 .text          0x00000000        0x0 E:/Freescale/CW MCU v10.5/MCU/ARM_GCC_Support/ewl/lib/armv7e-m\libc.a(strchr.o)
 .data          0x00000000        0x0 E:/Freescale/CW MCU v10.5/MCU/ARM_GCC_Support/ewl/lib/armv7e-m\libc.a(strchr.o)
 .bss           0x00000000        0x0 E:/Freescale/CW MCU v10.5/MCU/ARM_GCC_Support/ewl/lib/armv7e-m\libc.a(strchr.o)
 .text          0x00000000        0x0 E:/Freescale/CW MCU v10.5/MCU/ARM_GCC_Support/ewl/lib/armv7e-m\libc.a(strlen.o)
 .data          0x00000000        0x0 E:/Freescale/CW MCU v10.5/MCU/ARM_GCC_Support/ewl/lib/armv7e-m\libc.a(strlen.o)
 .bss           0x00000000        0x0 E:/Freescale/CW MCU v10.5/MCU/ARM_GCC_Support/ewl/lib/armv7e-m\libc.a(strlen.o)
 .text          0x00000000        0x0 E:/Freescale/CW MCU v10.5/MCU/ARM_GCC_Support/ewl/lib/armv7e-m\librt.a(gcc_ctor_dtor.o)
 .data          0x00000000        0x0 E:/Freescale/CW MCU v10.5/MCU/ARM_GCC_Support/ewl/lib/armv7e-m\librt.a(gcc_ctor_dtor.o)
 .bss           0x00000000        0x0 E:/Freescale/CW MCU v10.5/MCU/ARM_GCC_Support/ewl/lib/armv7e-m\librt.a(gcc_ctor_dtor.o)
 .bss.__dso_handle
                0x00000000        0x4 E:/Freescale/CW MCU v10.5/MCU/ARM_GCC_Support/ewl/lib/armv7e-m\librt.a(gcc_ctor_dtor.o)
 .text          0x00000000        0x0 E:/Freescale/CW MCU v10.5/MCU/ARM_GCC_Support/ewl/lib/armv7e-m\librt.a(ROMCopy.o)
 .data          0x00000000        0x0 E:/Freescale/CW MCU v10.5/MCU/ARM_GCC_Support/ewl/lib/armv7e-m\librt.a(ROMCopy.o)
 .bss           0x00000000        0x0 E:/Freescale/CW MCU v10.5/MCU/ARM_GCC_Support/ewl/lib/armv7e-m\librt.a(ROMCopy.o)
 .text.__flush_cache
                0x00000000        0x2 E:/Freescale/CW MCU v10.5/MCU/ARM_GCC_Support/ewl/lib/armv7e-m\librt.a(ROMCopy.o)
 .text          0x00000000        0x0 E:/Freescale/CW MCU v10.5/MCU/ARM_GCC_Support/ewl/lib/armv7e-m\librt.a(__arm_eabi_init.o)
 .data          0x00000000        0x0 E:/Freescale/CW MCU v10.5/MCU/ARM_GCC_Support/ewl/lib/armv7e-m\librt.a(__arm_eabi_init.o)
 .bss           0x00000000        0x0 E:/Freescale/CW MCU v10.5/MCU/ARM_GCC_Support/ewl/lib/armv7e-m\librt.a(__arm_eabi_init.o)
 .text.__register_global_object
                0x00000000       0x14 E:/Freescale/CW MCU v10.5/MCU/ARM_GCC_Support/ewl/lib/armv7e-m\librt.a(__arm_eabi_init.o)
 .text.__cxa_atexit
                0x00000000       0x38 E:/Freescale/CW MCU v10.5/MCU/ARM_GCC_Support/ewl/lib/armv7e-m\librt.a(__arm_eabi_init.o)
 .text.__aeabi_atexit
                0x00000000        0xa E:/Freescale/CW MCU v10.5/MCU/ARM_GCC_Support/ewl/lib/armv7e-m\librt.a(__arm_eabi_init.o)
 .text.__register_atexit
                0x00000000        0x8 E:/Freescale/CW MCU v10.5/MCU/ARM_GCC_Support/ewl/lib/armv7e-m\librt.a(__arm_eabi_init.o)
 .text.__init_hardware
                0x00000000        0x4 E:/Freescale/CW MCU v10.5/MCU/ARM_GCC_Support/ewl/lib/armv7e-m\librt.a(__arm_eabi_init.o)
 .bss.atexit_curr_func
                0x00000000        0x4 E:/Freescale/CW MCU v10.5/MCU/ARM_GCC_Support/ewl/lib/armv7e-m\librt.a(__arm_eabi_init.o)
 .bss.atexit_funcs
                0x00000000      0x300 E:/Freescale/CW MCU v10.5/MCU/ARM_GCC_Support/ewl/lib/armv7e-m\librt.a(__arm_eabi_init.o)

Memory Configuration

Name             Origin             Length             Attributes
m_interrupts     0x00000000         0x000001e0         xr
m_cfmprotrom     0x00000400         0x00000010         xr
m_text           0x00000800         0x0007f800         xr
m_data           0x1fff0000         0x00010000         xrw
m_data2          0x20000000         0x00010000         xrw
*default*        0x00000000         0xffffffff

Linker script and memory map

LOAD ./Project_Settings/Startup_Code/kinetis_sysinit.o
LOAD ./Project_Settings/Startup_Code/__arm_start.o
LOAD ./Project_Settings/Startup_Code/__arm_end.o
LOAD ./Sources/main.o
LOAD ./Sources/LED_CODE.o
LOAD ./Sources/INKEY.o
                0x0000121c                __pformatter = __pformatter_
                [0x00001614]                __sformatter = __sformatter
START GROUP
LOAD E:/Freescale/CW MCU v10.5/MCU/ARM_GCC_Support/ewl/lib/armv7e-m\libc.a
LOAD E:/Freescale/CW MCU v10.5/MCU/ARM_GCC_Support/ewl/lib/armv7e-m\libm.a
LOAD e:/freescale/cw mcu v10.5/cross_tools/arm-none-eabi-gcc-4_7_3/bin/../lib/gcc/arm-none-eabi/4.7.3/armv7e-m\libgcc.a
LOAD E:/Freescale/CW MCU v10.5/MCU/ARM_GCC_Support/ewl/lib/armv7e-m\librt.a
LOAD E:/Freescale/CW MCU v10.5/MCU/ARM_GCC_Support/ewl/lib/armv7e-m\libuart.a
END GROUP
                0x20000000                _estack = 0x20000000
                0x20000000                __SP_INIT = _estack
                0x00000800                __heap_size = 0x800
                0x00000800                __stack_size = 0x800

.interrupts     0x00000000      0x1e0
                0x00000000                __vector_table = .
                0x00000000                . = ALIGN (0x4)
 *(.vectortable)
 .vectortable   0x00000000      0x1e0 ./Project_Settings/Startup_Code/kinetis_sysinit.o
                0x00000000                InterruptVector
                0x000001e0                . = ALIGN (0x4)

.cfmprotect     0x00000400        0x0
                0x00000400                . = ALIGN (0x4)
 *(.cfmconfig)
                0x00000400                . = ALIGN (0x4)

.text           0x00000800     0x1a58
                0x00000800                . = ALIGN (0x4)
 *(.text)
 *(.text*)
 .text.Default_Handler
                0x00000800        0xc ./Project_Settings/Startup_Code/kinetis_sysinit.o
                0x00000800                HardFault_Handler
                0x00000800                SysTick_Handler
                0x00000800                PendSV_Handler
                0x00000800                NMI_Handler
                0x00000800                UsageFault_Handler
                0x00000800                Default_Handler
                0x00000800                MemManage_Handler
                0x00000800                SVC_Handler
                0x00000800                BusFault_Handler
                0x00000800                DebugMonitor_Handler
 .text.__init_hardware
                0x0000080c       0x44 ./Project_Settings/Startup_Code/kinetis_sysinit.o
                0x0000080c                __init_hardware
 .text.zero_fill_bss
                0x00000850       0x2c ./Project_Settings/Startup_Code/__arm_start.o
 .text.__thumb_startup
                0x0000087c       0x30 ./Project_Settings/Startup_Code/__arm_start.o
                0x0000087c                __thumb_startup
 .text._ExitProcess
                0x000008ac        0xc ./Project_Settings/Startup_Code/__arm_end.o
                0x000008ac                _ExitProcess
 .text.get_number
                0x000008b8       0x9c ./Sources/main.o
                0x000008b8                get_number
 .text.show_number
                0x00000954      0x120 ./Sources/main.o
                0x00000954                show_number
 .text.main     0x00000a74      0x1f8 ./Sources/main.o
                0x00000a74                main
 .text.LED_Disp_Init
                0x00000c6c      0x14c ./Sources/LED_CODE.o
                0x00000c6c                LED_Disp_Init
 .text.enable_irq
                0x00000db8      0x154 ./Sources/INKEY.o
                0x00000db8                enable_irq
 .text.EN_Init  0x00000f0c       0x18 ./Sources/INKEY.o
                0x00000f0c                EN_Init
 .text.KEY_Init
                0x00000f24      0x11c ./Sources/INKEY.o
                0x00000f24                KEY_Init
 .text.exit     0x00001040       0x38 E:/Freescale/CW MCU v10.5/MCU/ARM_GCC_Support/ewl/lib/armv7e-m\libc.a(exit.o)
                0x00001040                exit
 .text.memset   0x00001078        0xc E:/Freescale/CW MCU v10.5/MCU/ARM_GCC_Support/ewl/lib/armv7e-m\libc.a(memset.o)
                0x00001078                memset
 .text.long2str.isra.0
                0x00001084      0x196 E:/Freescale/CW MCU v10.5/MCU/ARM_GCC_Support/ewl/lib/armv7e-m\libc.a(printformat_.o)
 *fill*         0x0000121a        0x2 00
 .text.__pformatter_
                0x0000121c      0x3f8 E:/Freescale/CW MCU v10.5/MCU/ARM_GCC_Support/ewl/lib/armv7e-m\libc.a(printformat_.o)
                0x0000121c                __pformatter_
 .text.__sformatter
                0x00001614      0x6f4 E:/Freescale/CW MCU v10.5/MCU/ARM_GCC_Support/ewl/lib/armv7e-m\libc.a(scanformat_.o)
                0x00001614                __sformatter
 .text.isalpha  0x00001d08       0x1c E:/Freescale/CW MCU v10.5/MCU/ARM_GCC_Support/ewl/lib/armv7e-m\libc.a(ctype_aeabi.o)
                0x00001d08                isalpha
 .text.isspace  0x00001d24       0x1c E:/Freescale/CW MCU v10.5/MCU/ARM_GCC_Support/ewl/lib/armv7e-m\libc.a(ctype_aeabi.o)
                0x00001d24                isspace
 .text.toupper  0x00001d40        0xc E:/Freescale/CW MCU v10.5/MCU/ARM_GCC_Support/ewl/lib/armv7e-m\libc.a(ctype_aeabi.o)
                0x00001d40                toupper
 .text.__strtoul
                0x00001d4c      0x214 E:/Freescale/CW MCU v10.5/MCU/ARM_GCC_Support/ewl/lib/armv7e-m\libc.a(__strtoul.o)
                0x00001d4c                __strtoul
 .text.__fill_mem
                0x00001f60       0x76 E:/Freescale/CW MCU v10.5/MCU/ARM_GCC_Support/ewl/lib/armv7e-m\libc.a(__filll_mem.o)
                0x00001f60                __fill_mem
 .text.memchr   0x00001fd6       0x18 E:/Freescale/CW MCU v10.5/MCU/ARM_GCC_Support/ewl/lib/armv7e-m\libc.a(memchr.o)
                0x00001fd6                memchr
 .text.strchr   0x00001fee       0x1a E:/Freescale/CW MCU v10.5/MCU/ARM_GCC_Support/ewl/lib/armv7e-m\libc.a(strchr.o)
                0x00001fee                strchr
 .text.strlen   0x00002008       0x10 E:/Freescale/CW MCU v10.5/MCU/ARM_GCC_Support/ewl/lib/armv7e-m\libc.a(strlen.o)
                0x00002008                strlen
 .text.__init_cpp
                0x00002018       0x4c E:/Freescale/CW MCU v10.5/MCU/ARM_GCC_Support/ewl/lib/armv7e-m\librt.a(gcc_ctor_dtor.o)
                0x00002018                __init_cpp
 .text.__fini_cpp
                0x00002064       0x34 E:/Freescale/CW MCU v10.5/MCU/ARM_GCC_Support/ewl/lib/armv7e-m\librt.a(gcc_ctor_dtor.o)
                0x00002064                __fini_cpp
 .text.__copy_rom_section
                0x00002098       0x44 E:/Freescale/CW MCU v10.5/MCU/ARM_GCC_Support/ewl/lib/armv7e-m\librt.a(ROMCopy.o)
                0x00002098                __copy_rom_section
 .text.__copy_rom_sections_to_ram
                0x000020dc       0x30 E:/Freescale/CW MCU v10.5/MCU/ARM_GCC_Support/ewl/lib/armv7e-m\librt.a(ROMCopy.o)
                0x000020dc                __copy_rom_sections_to_ram
 .text.__destroy_global_chain
                0x0000210c       0x18 E:/Freescale/CW MCU v10.5/MCU/ARM_GCC_Support/ewl/lib/armv7e-m\librt.a(__arm_eabi_init.o)
                0x0000210c                __destroy_global_chain
 .text.__init_registers
                0x00002124       0x24 E:/Freescale/CW MCU v10.5/MCU/ARM_GCC_Support/ewl/lib/armv7e-m\librt.a(__arm_eabi_init.o)
                0x00002124                __init_registers
 .text.__init_user
                0x00002148        0x4 E:/Freescale/CW MCU v10.5/MCU/ARM_GCC_Support/ewl/lib/armv7e-m\librt.a(__arm_eabi_init.o)
                0x00002148                __init_user
 *(.rodata)
 *(.rodata*)
 .rodata.str1.1
                0x0000214c        0x1 E:/Freescale/CW MCU v10.5/MCU/ARM_GCC_Support/ewl/lib/armv7e-m\libc.a(printformat_.o)
 .rodata.CSWTCH.20
                0x0000214d        0x5 E:/Freescale/CW MCU v10.5/MCU/ARM_GCC_Support/ewl/lib/armv7e-m\libc.a(printformat_.o)
 .rodata.CSWTCH.21
                0x00002152        0x5 E:/Freescale/CW MCU v10.5/MCU/ARM_GCC_Support/ewl/lib/armv7e-m\libc.a(printformat_.o)
 .rodata.__aeabi_ctype_table_C
                0x00002157      0x101 E:/Freescale/CW MCU v10.5/MCU/ARM_GCC_Support/ewl/lib/armv7e-m\libc.a(ctype_aeabi.o)
                0x00002157                __aeabi_ctype_table_C
 *(.glue_7)
 .glue_7        0x00000000        0x0 linker stubs
 *(.glue_7t)
 .glue_7t       0x00000000        0x0 linker stubs
 *(.eh_frame)
 *(.init)
 *(.fini)
                0x00002258                . = ALIGN (0x4)
                0x00002258                _etext = .

.vfp11_veneer   0x00002258        0x0
 .vfp11_veneer  0x00000000        0x0 linker stubs

.v4_bx          0x00002258        0x0
 .v4_bx         0x00000000        0x0 linker stubs

.iplt           0x00002258        0x0
 .iplt          0x00000000        0x0 ./Project_Settings/Startup_Code/kinetis_sysinit.o

.rel.dyn        0x00002258        0x0
 .rel.iplt      0x00000000        0x0 ./Project_Settings/Startup_Code/kinetis_sysinit.o

.ARM.extab
 *(.ARM.extab* .gnu.linkonce.armextab.*)

.ARM            0x00002258        0x0
                0x00002258                __exidx_start = .
 *(.ARM.exidx*)
                0x00002258                __exidx_end = .

.ctors          0x00002258        0x0
                0x00002258                __CTOR_LIST__ = .
 *crtbegin.o(.ctors)
 *(EXCLUDE_FILE(*crtend.o) .ctors)
 *(SORT(.ctors.*))
 *(.ctors)
                0x00002258                __CTOR_END__ = .

.dtors          0x00002258        0x0
                0x00002258                __DTOR_LIST__ = .
 *crtbegin.o(.dtors)
 *(EXCLUDE_FILE(*crtend.o) .dtors)
 *(SORT(.dtors.*))
 *(.dtors)
                0x00002258                __DTOR_END__ = .

.preinit_array  0x00002258        0x0
                0x00002258                PROVIDE (__preinit_array_start, .)
 *(.preinit_array*)
                0x00002258                PROVIDE (__preinit_array_end, .)

.init_array     0x00002258        0x0
                0x00002258                PROVIDE (__init_array_start, .)
 *(SORT(.init_array.*))
 *(.init_array*)
                0x00002258                PROVIDE (__init_array_end, .)

.fini_array     0x00002258        0x0
                0x00002258                PROVIDE (__fini_array_start, .)
 *(SORT(.fini_array.*))
 *(.fini_array*)
                0x00002258                PROVIDE (__fini_array_end, .)
                0x00002258                ___ROM_AT = .

.data           0x1fff0000        0xc load address 0x00002258
                0x1fff0000                . = ALIGN (0x4)
                0x1fff0000                _sdata = .
 *(.data)
 *(.data*)
 .data.num      0x1fff0000        0xc ./Sources/main.o
                0x1fff0000                num
                0x1fff000c                . = ALIGN (0x4)
                0x1fff000c                _edata = .
                0x0000000c                ___data_size = (_edata - _sdata)
                0x00002264                ___m_data2_ROMStart = (___ROM_AT + SIZEOF (.data))

.igot.plt       0x1fff000c        0x0 load address 0x00002264
 .igot.plt      0x00000000        0x0 ./Project_Settings/Startup_Code/kinetis_sysinit.o

.user_data2     0x20000000        0x0 load address 0x00002264
                0x20000000                . = ALIGN (0x4)
                0x20000000                ___m_data2_RAMStart = .
 *(.data2)
                0x20000000                ___m_data2_RAMEnd = .
                0x20000000                . = ALIGN (0x4)
                0x00000000                ___m_data2_ROMSize = (___m_data2_RAMEnd - ___m_data2_RAMStart)
                0x20000000                . = ALIGN (0x4)

.bss            0x1fff000c       0x24 load address 0x00002264
                0x1fff000c                __START_BSS = .
                0x1fff000c                PROVIDE (__bss_start__, __START_BSS)
 *(.bss)
 *(.bss*)
 .bss.argv      0x1fff000c        0x4 ./Project_Settings/Startup_Code/__arm_start.o
 .bss.input_flag
                0x1fff0010        0x2 ./Sources/main.o
                0x1fff0010                input_flag
 .bss.input_flag2
                0x1fff0012        0x2 ./Sources/main.o
                0x1fff0012                input_flag2
 .bss.add_flag  0x1fff0014        0x2 ./Sources/main.o
                0x1fff0014                add_flag
 .bss.input_num
                0x1fff0016        0x2 ./Sources/main.o
                0x1fff0016                input_num
 .bss.__stdio_exit
                0x1fff0018        0x4 E:/Freescale/CW MCU v10.5/MCU/ARM_GCC_Support/ewl/lib/armv7e-m\libc.a(exit.o)
                0x1fff0018                __stdio_exit
 .bss.__console_exit
                0x1fff001c        0x4 E:/Freescale/CW MCU v10.5/MCU/ARM_GCC_Support/ewl/lib/armv7e-m\libc.a(exit.o)
                0x1fff001c                __console_exit
 .bss.__S_romp  0x1fff0020        0xc E:/Freescale/CW MCU v10.5/MCU/ARM_GCC_Support/ewl/lib/armv7e-m\librt.a(ROMCopy.o)
 .bss.__global_destructor_chain
                0x1fff002c        0x4 E:/Freescale/CW MCU v10.5/MCU/ARM_GCC_Support/ewl/lib/armv7e-m\librt.a(__arm_eabi_init.o)
                0x1fff002c                __global_destructor_chain
 *(COMMON)
                0x1fff0030                . = ALIGN (0x4)
                0x1fff0030                __END_BSS = .
                0x1fff0030                PROVIDE (__bss_end__, __END_BSS)

._user_heap_stack
                0x1fff0030     0x1000 load address 0x00002288
                0x1fff0030                . = ALIGN (0x4)
                0x1fff0030                PROVIDE (end, .)
                0x1fff0030                PROVIDE (_end, .)
                0x1fff0030                __heap_addr = .
                0x1fff0830                . = (. + __heap_size)
 *fill*         0x1fff0030      0x800 00
                0x1fff1030                . = (. + __stack_size)
 *fill*         0x1fff0830      0x800 00
                0x1fff1030                . = ALIGN (0x4)
                0x00002264                _romp_at = ((___ROM_AT + SIZEOF (.data)) + SIZEOF (.user_data2))

.romp           0x20000000       0x24 load address 0x00002264
                0x00002264                __S_romp = _romp_at
                0x20000000        0x4 LONG 0x2258 ___ROM_AT
                0x20000004        0x4 LONG 0x1fff0000 _sdata
                0x20000008        0x4 LONG 0xc ___data_size
                0x2000000c        0x4 LONG 0x2264 ___m_data2_ROMStart
                0x20000010        0x4 LONG 0x20000000 ___m_data2_RAMStart
                0x20000014        0x4 LONG 0x0 ___m_data2_ROMSize
                0x20000018        0x4 LONG 0x0
                0x2000001c        0x4 LONG 0x0
                0x20000020        0x4 LONG 0x0

.ARM.attributes
                0x00000000       0x33
 *(.ARM.attributes)
 .ARM.attributes
                0x00000000       0x33 ./Project_Settings/Startup_Code/kinetis_sysinit.o
 .ARM.attributes
                0x00000033       0x33 ./Project_Settings/Startup_Code/__arm_start.o
 .ARM.attributes
                0x00000066       0x33 ./Project_Settings/Startup_Code/__arm_end.o
 .ARM.attributes
                0x00000099       0x33 ./Sources/main.o
 .ARM.attributes
                0x000000cc       0x33 ./Sources/LED_CODE.o
 .ARM.attributes
                0x000000ff       0x33 ./Sources/INKEY.o
 .ARM.attributes
                0x00000132       0x33 E:/Freescale/CW MCU v10.5/MCU/ARM_GCC_Support/ewl/lib/armv7e-m\libc.a(exit.o)
 .ARM.attributes
                0x00000165       0x33 E:/Freescale/CW MCU v10.5/MCU/ARM_GCC_Support/ewl/lib/armv7e-m\libc.a(memset.o)
 .ARM.attributes
                0x00000198       0x33 E:/Freescale/CW MCU v10.5/MCU/ARM_GCC_Support/ewl/lib/armv7e-m\libc.a(printformat_.o)
 .ARM.attributes
                0x000001cb       0x33 E:/Freescale/CW MCU v10.5/MCU/ARM_GCC_Support/ewl/lib/armv7e-m\libc.a(scanformat_.o)
 .ARM.attributes
                0x000001fe       0x33 E:/Freescale/CW MCU v10.5/MCU/ARM_GCC_Support/ewl/lib/armv7e-m\libc.a(ctype_aeabi.o)
 .ARM.attributes
                0x00000231       0x33 E:/Freescale/CW MCU v10.5/MCU/ARM_GCC_Support/ewl/lib/armv7e-m\libc.a(__strtoul.o)
 .ARM.attributes
                0x00000264       0x33 E:/Freescale/CW MCU v10.5/MCU/ARM_GCC_Support/ewl/lib/armv7e-m\libc.a(__filll_mem.o)
 .ARM.attributes
                0x00000297       0x33 E:/Freescale/CW MCU v10.5/MCU/ARM_GCC_Support/ewl/lib/armv7e-m\libc.a(memchr.o)
 .ARM.attributes
                0x000002ca       0x33 E:/Freescale/CW MCU v10.5/MCU/ARM_GCC_Support/ewl/lib/armv7e-m\libc.a(strchr.o)
 .ARM.attributes
                0x000002fd       0x33 E:/Freescale/CW MCU v10.5/MCU/ARM_GCC_Support/ewl/lib/armv7e-m\libc.a(strlen.o)
 .ARM.attributes
                0x00000330       0x33 E:/Freescale/CW MCU v10.5/MCU/ARM_GCC_Support/ewl/lib/armv7e-m\librt.a(gcc_ctor_dtor.o)
 .ARM.attributes
                0x00000363       0x33 E:/Freescale/CW MCU v10.5/MCU/ARM_GCC_Support/ewl/lib/armv7e-m\librt.a(ROMCopy.o)
 .ARM.attributes
                0x00000396       0x33 E:/Freescale/CW MCU v10.5/MCU/ARM_GCC_Support/ewl/lib/armv7e-m\librt.a(__arm_eabi_init.o)
OUTPUT(digitron2.elf elf32-littlearm)

.debug_info     0x00000000     0x2c11
 .debug_info    0x00000000      0x357 ./Project_Settings/Startup_Code/kinetis_sysinit.o
 .debug_info    0x00000357      0x12a ./Project_Settings/Startup_Code/__arm_start.o
 .debug_info    0x00000481       0x54 ./Project_Settings/Startup_Code/__arm_end.o
 .debug_info    0x000004d5      0x2b2 ./Sources/main.o
 .debug_info    0x00000787      0x3db ./Sources/LED_CODE.o
 .debug_info    0x00000b62      0x5bf ./Sources/INKEY.o
 .debug_info    0x00001121       0xe8 E:/Freescale/CW MCU v10.5/MCU/ARM_GCC_Support/ewl/lib/armv7e-m\libc.a(exit.o)
 .debug_info    0x00001209       0xec E:/Freescale/CW MCU v10.5/MCU/ARM_GCC_Support/ewl/lib/armv7e-m\libc.a(memset.o)
 .debug_info    0x000012f5      0x50e E:/Freescale/CW MCU v10.5/MCU/ARM_GCC_Support/ewl/lib/armv7e-m\libc.a(printformat_.o)
 .debug_info    0x00001803      0x565 E:/Freescale/CW MCU v10.5/MCU/ARM_GCC_Support/ewl/lib/armv7e-m\libc.a(scanformat_.o)
 .debug_info    0x00001d68      0x306 E:/Freescale/CW MCU v10.5/MCU/ARM_GCC_Support/ewl/lib/armv7e-m\libc.a(ctype_aeabi.o)
 .debug_info    0x0000206e      0x1d6 E:/Freescale/CW MCU v10.5/MCU/ARM_GCC_Support/ewl/lib/armv7e-m\libc.a(__strtoul.o)
 .debug_info    0x00002244      0x135 E:/Freescale/CW MCU v10.5/MCU/ARM_GCC_Support/ewl/lib/armv7e-m\libc.a(__filll_mem.o)
 .debug_info    0x00002379      0x120 E:/Freescale/CW MCU v10.5/MCU/ARM_GCC_Support/ewl/lib/armv7e-m\libc.a(memchr.o)
 .debug_info    0x00002499      0x108 E:/Freescale/CW MCU v10.5/MCU/ARM_GCC_Support/ewl/lib/armv7e-m\libc.a(strchr.o)
 .debug_info    0x000025a1       0xeb E:/Freescale/CW MCU v10.5/MCU/ARM_GCC_Support/ewl/lib/armv7e-m\libc.a(strlen.o)
 .debug_info    0x0000268c      0x136 E:/Freescale/CW MCU v10.5/MCU/ARM_GCC_Support/ewl/lib/armv7e-m\librt.a(gcc_ctor_dtor.o)
 .debug_info    0x000027c2      0x19a E:/Freescale/CW MCU v10.5/MCU/ARM_GCC_Support/ewl/lib/armv7e-m\librt.a(ROMCopy.o)
 .debug_info    0x0000295c      0x2b5 E:/Freescale/CW MCU v10.5/MCU/ARM_GCC_Support/ewl/lib/armv7e-m\librt.a(__arm_eabi_init.o)

.debug_abbrev   0x00000000     0x106e
 .debug_abbrev  0x00000000       0xf6 ./Project_Settings/Startup_Code/kinetis_sysinit.o
 .debug_abbrev  0x000000f6       0x92 ./Project_Settings/Startup_Code/__arm_start.o
 .debug_abbrev  0x00000188       0x4c ./Project_Settings/Startup_Code/__arm_end.o
 .debug_abbrev  0x000001d4      0x10e ./Sources/main.o
 .debug_abbrev  0x000002e2       0xbe ./Sources/LED_CODE.o
 .debug_abbrev  0x000003a0      0x100 ./Sources/INKEY.o
 .debug_abbrev  0x000004a0       0x7a E:/Freescale/CW MCU v10.5/MCU/ARM_GCC_Support/ewl/lib/armv7e-m\libc.a(exit.o)
 .debug_abbrev  0x0000051a       0x62 E:/Freescale/CW MCU v10.5/MCU/ARM_GCC_Support/ewl/lib/armv7e-m\libc.a(memset.o)
 .debug_abbrev  0x0000057c      0x200 E:/Freescale/CW MCU v10.5/MCU/ARM_GCC_Support/ewl/lib/armv7e-m\libc.a(printformat_.o)
 .debug_abbrev  0x0000077c      0x1f0 E:/Freescale/CW MCU v10.5/MCU/ARM_GCC_Support/ewl/lib/armv7e-m\libc.a(scanformat_.o)
 .debug_abbrev  0x0000096c       0x85 E:/Freescale/CW MCU v10.5/MCU/ARM_GCC_Support/ewl/lib/armv7e-m\libc.a(ctype_aeabi.o)
 .debug_abbrev  0x000009f1       0xc2 E:/Freescale/CW MCU v10.5/MCU/ARM_GCC_Support/ewl/lib/armv7e-m\libc.a(__strtoul.o)
 .debug_abbrev  0x00000ab3       0x87 E:/Freescale/CW MCU v10.5/MCU/ARM_GCC_Support/ewl/lib/armv7e-m\libc.a(__filll_mem.o)
 .debug_abbrev  0x00000b3a       0x95 E:/Freescale/CW MCU v10.5/MCU/ARM_GCC_Support/ewl/lib/armv7e-m\libc.a(memchr.o)
 .debug_abbrev  0x00000bcf       0x89 E:/Freescale/CW MCU v10.5/MCU/ARM_GCC_Support/ewl/lib/armv7e-m\libc.a(strchr.o)
 .debug_abbrev  0x00000c58       0x7a E:/Freescale/CW MCU v10.5/MCU/ARM_GCC_Support/ewl/lib/armv7e-m\libc.a(strlen.o)
 .debug_abbrev  0x00000cd2       0x99 E:/Freescale/CW MCU v10.5/MCU/ARM_GCC_Support/ewl/lib/armv7e-m\librt.a(gcc_ctor_dtor.o)
 .debug_abbrev  0x00000d6b      0x137 E:/Freescale/CW MCU v10.5/MCU/ARM_GCC_Support/ewl/lib/armv7e-m\librt.a(ROMCopy.o)
 .debug_abbrev  0x00000ea2      0x1cc E:/Freescale/CW MCU v10.5/MCU/ARM_GCC_Support/ewl/lib/armv7e-m\librt.a(__arm_eabi_init.o)

.debug_loc      0x00000000     0x20d7
 .debug_loc     0x00000000       0x58 ./Project_Settings/Startup_Code/kinetis_sysinit.o
 .debug_loc     0x00000058       0x2c ./Project_Settings/Startup_Code/__arm_start.o
 .debug_loc     0x00000084       0x38 ./Project_Settings/Startup_Code/__arm_end.o
 .debug_loc     0x000000bc       0xe0 ./Sources/main.o
 .debug_loc     0x0000019c       0x2c ./Sources/LED_CODE.o
 .debug_loc     0x000001c8       0xc8 ./Sources/INKEY.o
 .debug_loc     0x00000290       0x3e E:/Freescale/CW MCU v10.5/MCU/ARM_GCC_Support/ewl/lib/armv7e-m\libc.a(exit.o)
 .debug_loc     0x000002ce       0x64 E:/Freescale/CW MCU v10.5/MCU/ARM_GCC_Support/ewl/lib/armv7e-m\libc.a(memset.o)
 .debug_loc     0x00000332      0xbdc E:/Freescale/CW MCU v10.5/MCU/ARM_GCC_Support/ewl/lib/armv7e-m\libc.a(printformat_.o)
 .debug_loc     0x00000f0e      0x8b6 E:/Freescale/CW MCU v10.5/MCU/ARM_GCC_Support/ewl/lib/armv7e-m\libc.a(scanformat_.o)
 .debug_loc     0x000017c4      0x18e E:/Freescale/CW MCU v10.5/MCU/ARM_GCC_Support/ewl/lib/armv7e-m\libc.a(ctype_aeabi.o)
 .debug_loc     0x00001952      0x2bb E:/Freescale/CW MCU v10.5/MCU/ARM_GCC_Support/ewl/lib/armv7e-m\libc.a(__strtoul.o)
 .debug_loc     0x00001c0d      0x12c E:/Freescale/CW MCU v10.5/MCU/ARM_GCC_Support/ewl/lib/armv7e-m\libc.a(__filll_mem.o)
 .debug_loc     0x00001d39       0x62 E:/Freescale/CW MCU v10.5/MCU/ARM_GCC_Support/ewl/lib/armv7e-m\libc.a(memchr.o)
 .debug_loc     0x00001d9b       0x7c E:/Freescale/CW MCU v10.5/MCU/ARM_GCC_Support/ewl/lib/armv7e-m\libc.a(strchr.o)
 .debug_loc     0x00001e17       0x26 E:/Freescale/CW MCU v10.5/MCU/ARM_GCC_Support/ewl/lib/armv7e-m\libc.a(strlen.o)
 .debug_loc     0x00001e3d       0x9d E:/Freescale/CW MCU v10.5/MCU/ARM_GCC_Support/ewl/lib/armv7e-m\librt.a(gcc_ctor_dtor.o)
 .debug_loc     0x00001eda       0xb9 E:/Freescale/CW MCU v10.5/MCU/ARM_GCC_Support/ewl/lib/armv7e-m\librt.a(ROMCopy.o)
 .debug_loc     0x00001f93      0x144 E:/Freescale/CW MCU v10.5/MCU/ARM_GCC_Support/ewl/lib/armv7e-m\librt.a(__arm_eabi_init.o)

.debug_aranges  0x00000000      0x368
 .debug_aranges
                0x00000000       0x28 ./Project_Settings/Startup_Code/kinetis_sysinit.o
 .debug_aranges
                0x00000028       0x30 ./Project_Settings/Startup_Code/__arm_start.o
 .debug_aranges
                0x00000058       0x20 ./Project_Settings/Startup_Code/__arm_end.o
 .debug_aranges
                0x00000078       0x38 ./Sources/main.o
 .debug_aranges
                0x000000b0       0x20 ./Sources/LED_CODE.o
 .debug_aranges
                0x000000d0       0x38 ./Sources/INKEY.o
 .debug_aranges
                0x00000108       0x20 E:/Freescale/CW MCU v10.5/MCU/ARM_GCC_Support/ewl/lib/armv7e-m\libc.a(exit.o)
 .debug_aranges
                0x00000128       0x20 E:/Freescale/CW MCU v10.5/MCU/ARM_GCC_Support/ewl/lib/armv7e-m\libc.a(memset.o)
 .debug_aranges
                0x00000148       0x28 E:/Freescale/CW MCU v10.5/MCU/ARM_GCC_Support/ewl/lib/armv7e-m\libc.a(printformat_.o)
 .debug_aranges
                0x00000170       0x20 E:/Freescale/CW MCU v10.5/MCU/ARM_GCC_Support/ewl/lib/armv7e-m\libc.a(scanformat_.o)
 .debug_aranges
                0x00000190       0x88 E:/Freescale/CW MCU v10.5/MCU/ARM_GCC_Support/ewl/lib/armv7e-m\libc.a(ctype_aeabi.o)
 .debug_aranges
                0x00000218       0x20 E:/Freescale/CW MCU v10.5/MCU/ARM_GCC_Support/ewl/lib/armv7e-m\libc.a(__strtoul.o)
 .debug_aranges
                0x00000238       0x20 E:/Freescale/CW MCU v10.5/MCU/ARM_GCC_Support/ewl/lib/armv7e-m\libc.a(__filll_mem.o)
 .debug_aranges
                0x00000258       0x20 E:/Freescale/CW MCU v10.5/MCU/ARM_GCC_Support/ewl/lib/armv7e-m\libc.a(memchr.o)
 .debug_aranges
                0x00000278       0x20 E:/Freescale/CW MCU v10.5/MCU/ARM_GCC_Support/ewl/lib/armv7e-m\libc.a(strchr.o)
 .debug_aranges
                0x00000298       0x20 E:/Freescale/CW MCU v10.5/MCU/ARM_GCC_Support/ewl/lib/armv7e-m\libc.a(strlen.o)
 .debug_aranges
                0x000002b8       0x28 E:/Freescale/CW MCU v10.5/MCU/ARM_GCC_Support/ewl/lib/armv7e-m\librt.a(gcc_ctor_dtor.o)
 .debug_aranges
                0x000002e0       0x30 E:/Freescale/CW MCU v10.5/MCU/ARM_GCC_Support/ewl/lib/armv7e-m\librt.a(ROMCopy.o)
 .debug_aranges
                0x00000310       0x58 E:/Freescale/CW MCU v10.5/MCU/ARM_GCC_Support/ewl/lib/armv7e-m\librt.a(__arm_eabi_init.o)

.debug_macinfo  0x00000000   0x17622a
 .debug_macinfo
                0x00000000    0x5bb2a ./Project_Settings/Startup_Code/kinetis_sysinit.o
 .debug_macinfo
                0x0005bb2a     0x3f3e ./Project_Settings/Startup_Code/__arm_start.o
 .debug_macinfo
                0x0005fa68     0x3527 ./Project_Settings/Startup_Code/__arm_end.o
 .debug_macinfo
                0x00062f8f    0x5bc01 ./Sources/main.o
 .debug_macinfo
                0x000beb90    0x5bbf1 ./Sources/LED_CODE.o
 .debug_macinfo
                0x0011a781    0x5baa9 ./Sources/INKEY.o

.debug_line     0x00000000     0x1b6d
 .debug_line    0x00000000      0x20b ./Project_Settings/Startup_Code/kinetis_sysinit.o
 .debug_line    0x0000020b      0x28c ./Project_Settings/Startup_Code/__arm_start.o
 .debug_line    0x00000497      0x266 ./Project_Settings/Startup_Code/__arm_end.o
 .debug_line    0x000006fd      0x268 ./Sources/main.o
 .debug_line    0x00000965      0x1e4 ./Sources/LED_CODE.o
 .debug_line    0x00000b49      0x21d ./Sources/INKEY.o
 .debug_line    0x00000d66       0x94 E:/Freescale/CW MCU v10.5/MCU/ARM_GCC_Support/ewl/lib/armv7e-m\libc.a(exit.o)
 .debug_line    0x00000dfa       0x8f E:/Freescale/CW MCU v10.5/MCU/ARM_GCC_Support/ewl/lib/armv7e-m\libc.a(memset.o)
 .debug_line    0x00000e89      0x2b4 E:/Freescale/CW MCU v10.5/MCU/ARM_GCC_Support/ewl/lib/armv7e-m\libc.a(printformat_.o)
 .debug_line    0x0000113d      0x2df E:/Freescale/CW MCU v10.5/MCU/ARM_GCC_Support/ewl/lib/armv7e-m\libc.a(scanformat_.o)
 .debug_line    0x0000141c      0x1a9 E:/Freescale/CW MCU v10.5/MCU/ARM_GCC_Support/ewl/lib/armv7e-m\libc.a(ctype_aeabi.o)
 .debug_line    0x000015c5      0x11b E:/Freescale/CW MCU v10.5/MCU/ARM_GCC_Support/ewl/lib/armv7e-m\libc.a(__strtoul.o)
 .debug_line    0x000016e0       0xcd E:/Freescale/CW MCU v10.5/MCU/ARM_GCC_Support/ewl/lib/armv7e-m\libc.a(__filll_mem.o)
 .debug_line    0x000017ad       0x9f E:/Freescale/CW MCU v10.5/MCU/ARM_GCC_Support/ewl/lib/armv7e-m\libc.a(memchr.o)
 .debug_line    0x0000184c       0x7d E:/Freescale/CW MCU v10.5/MCU/ARM_GCC_Support/ewl/lib/armv7e-m\libc.a(strchr.o)
 .debug_line    0x000018c9       0x83 E:/Freescale/CW MCU v10.5/MCU/ARM_GCC_Support/ewl/lib/armv7e-m\libc.a(strlen.o)
 .debug_line    0x0000194c       0x67 E:/Freescale/CW MCU v10.5/MCU/ARM_GCC_Support/ewl/lib/armv7e-m\librt.a(gcc_ctor_dtor.o)
 .debug_line    0x000019b3       0xa9 E:/Freescale/CW MCU v10.5/MCU/ARM_GCC_Support/ewl/lib/armv7e-m\librt.a(ROMCopy.o)
 .debug_line    0x00001a5c      0x111 E:/Freescale/CW MCU v10.5/MCU/ARM_GCC_Support/ewl/lib/armv7e-m\librt.a(__arm_eabi_init.o)

.debug_str      0x00000000      0xe19
 .debug_str     0x00000000      0x251 ./Project_Settings/Startup_Code/kinetis_sysinit.o
                                0x278 (size before relaxing)
 .debug_str     0x00000251       0x85 ./Project_Settings/Startup_Code/__arm_start.o
                                0x18a (size before relaxing)
 .debug_str     0x000002d6       0x41 ./Project_Settings/Startup_Code/__arm_end.o
                                 0xc1 (size before relaxing)
 .debug_str     0x00000317       0xf7 ./Sources/main.o
                                0x207 (size before relaxing)
 .debug_str     0x0000040e      0x108 ./Sources/LED_CODE.o
                                0x25b (size before relaxing)
 .debug_str     0x00000516       0x91 ./Sources/INKEY.o
                                0x2dc (size before relaxing)
 .debug_str     0x000005a7       0x5a E:/Freescale/CW MCU v10.5/MCU/ARM_GCC_Support/ewl/lib/armv7e-m\libc.a(exit.o)
                                0x157 (size before relaxing)
 .debug_str     0x00000601       0x23 E:/Freescale/CW MCU v10.5/MCU/ARM_GCC_Support/ewl/lib/armv7e-m\libc.a(memset.o)
                                0x140 (size before relaxing)
 .debug_str     0x00000624      0x23b E:/Freescale/CW MCU v10.5/MCU/ARM_GCC_Support/ewl/lib/armv7e-m\libc.a(printformat_.o)
                                0x3b3 (size before relaxing)
 .debug_str     0x0000085f      0x184 E:/Freescale/CW MCU v10.5/MCU/ARM_GCC_Support/ewl/lib/armv7e-m\libc.a(scanformat_.o)
                                0x3f9 (size before relaxing)
 .debug_str     0x000009e3       0x9d E:/Freescale/CW MCU v10.5/MCU/ARM_GCC_Support/ewl/lib/armv7e-m\libc.a(ctype_aeabi.o)
                                0x1bc (size before relaxing)
 .debug_str     0x00000a80       0x61 E:/Freescale/CW MCU v10.5/MCU/ARM_GCC_Support/ewl/lib/armv7e-m\libc.a(__strtoul.o)
                                0x1fb (size before relaxing)
 .debug_str     0x00000ae1       0x25 E:/Freescale/CW MCU v10.5/MCU/ARM_GCC_Support/ewl/lib/armv7e-m\libc.a(__filll_mem.o)
                                0x152 (size before relaxing)
 .debug_str     0x00000b06       0x1c E:/Freescale/CW MCU v10.5/MCU/ARM_GCC_Support/ewl/lib/armv7e-m\libc.a(memchr.o)
                                0x148 (size before relaxing)
 .debug_str     0x00000b22       0x1c E:/Freescale/CW MCU v10.5/MCU/ARM_GCC_Support/ewl/lib/armv7e-m\libc.a(strchr.o)
                                0x137 (size before relaxing)
 .debug_str     0x00000b3e       0x1c E:/Freescale/CW MCU v10.5/MCU/ARM_GCC_Support/ewl/lib/armv7e-m\libc.a(strlen.o)
                                0x140 (size before relaxing)
 .debug_str     0x00000b5a      0x126 E:/Freescale/CW MCU v10.5/MCU/ARM_GCC_Support/ewl/lib/armv7e-m\librt.a(gcc_ctor_dtor.o)
                                0x181 (size before relaxing)
 .debug_str     0x00000c80       0xa1 E:/Freescale/CW MCU v10.5/MCU/ARM_GCC_Support/ewl/lib/armv7e-m\librt.a(ROMCopy.o)
                                0x13c (size before relaxing)
 .debug_str     0x00000d21       0xf8 E:/Freescale/CW MCU v10.5/MCU/ARM_GCC_Support/ewl/lib/armv7e-m\librt.a(__arm_eabi_init.o)
                                0x1b5 (size before relaxing)

.comment        0x00000000       0x79
 .comment       0x00000000       0x79 ./Project_Settings/Startup_Code/kinetis_sysinit.o
                                 0x7a (size before relaxing)
 .comment       0x00000000       0x7a ./Project_Settings/Startup_Code/__arm_start.o
 .comment       0x00000000       0x7a ./Project_Settings/Startup_Code/__arm_end.o
 .comment       0x00000000       0x7a ./Sources/main.o
 .comment       0x00000000       0x7a ./Sources/LED_CODE.o
 .comment       0x00000000       0x7a ./Sources/INKEY.o
 .comment       0x00000000       0x7a E:/Freescale/CW MCU v10.5/MCU/ARM_GCC_Support/ewl/lib/armv7e-m\libc.a(exit.o)
 .comment       0x00000000       0x7a E:/Freescale/CW MCU v10.5/MCU/ARM_GCC_Support/ewl/lib/armv7e-m\libc.a(memset.o)
 .comment       0x00000000       0x7a E:/Freescale/CW MCU v10.5/MCU/ARM_GCC_Support/ewl/lib/armv7e-m\libc.a(printformat_.o)
 .comment       0x00000000       0x7a E:/Freescale/CW MCU v10.5/MCU/ARM_GCC_Support/ewl/lib/armv7e-m\libc.a(scanformat_.o)
 .comment       0x00000000       0x7a E:/Freescale/CW MCU v10.5/MCU/ARM_GCC_Support/ewl/lib/armv7e-m\libc.a(ctype_aeabi.o)
 .comment       0x00000000       0x7a E:/Freescale/CW MCU v10.5/MCU/ARM_GCC_Support/ewl/lib/armv7e-m\libc.a(__strtoul.o)
 .comment       0x00000000       0x7a E:/Freescale/CW MCU v10.5/MCU/ARM_GCC_Support/ewl/lib/armv7e-m\libc.a(__filll_mem.o)
 .comment       0x00000000       0x7a E:/Freescale/CW MCU v10.5/MCU/ARM_GCC_Support/ewl/lib/armv7e-m\libc.a(memchr.o)
 .comment       0x00000000       0x7a E:/Freescale/CW MCU v10.5/MCU/ARM_GCC_Support/ewl/lib/armv7e-m\libc.a(strchr.o)
 .comment       0x00000000       0x7a E:/Freescale/CW MCU v10.5/MCU/ARM_GCC_Support/ewl/lib/armv7e-m\libc.a(strlen.o)
 .comment       0x00000000       0x7a E:/Freescale/CW MCU v10.5/MCU/ARM_GCC_Support/ewl/lib/armv7e-m\librt.a(gcc_ctor_dtor.o)
 .comment       0x00000000       0x7a E:/Freescale/CW MCU v10.5/MCU/ARM_GCC_Support/ewl/lib/armv7e-m\librt.a(ROMCopy.o)
 .comment       0x00000000       0x7a E:/Freescale/CW MCU v10.5/MCU/ARM_GCC_Support/ewl/lib/armv7e-m\librt.a(__arm_eabi_init.o)

.debug_frame    0x00000000      0x5bc
 .debug_frame   0x00000000       0x40 ./Project_Settings/Startup_Code/kinetis_sysinit.o
 .debug_frame   0x00000040       0x4c ./Project_Settings/Startup_Code/__arm_start.o
 .debug_frame   0x0000008c       0x2c ./Project_Settings/Startup_Code/__arm_end.o
 .debug_frame   0x000000b8       0x84 ./Sources/main.o
 .debug_frame   0x0000013c       0x28 ./Sources/LED_CODE.o
 .debug_frame   0x00000164       0x7c ./Sources/INKEY.o
 .debug_frame   0x000001e0       0x28 E:/Freescale/CW MCU v10.5/MCU/ARM_GCC_Support/ewl/lib/armv7e-m\libc.a(exit.o)
 .debug_frame   0x00000208       0x28 E:/Freescale/CW MCU v10.5/MCU/ARM_GCC_Support/ewl/lib/armv7e-m\libc.a(memset.o)
 .debug_frame   0x00000230       0x64 E:/Freescale/CW MCU v10.5/MCU/ARM_GCC_Support/ewl/lib/armv7e-m\libc.a(printformat_.o)
 .debug_frame   0x00000294       0x3c E:/Freescale/CW MCU v10.5/MCU/ARM_GCC_Support/ewl/lib/armv7e-m\libc.a(scanformat_.o)
 .debug_frame   0x000002d0       0xf0 E:/Freescale/CW MCU v10.5/MCU/ARM_GCC_Support/ewl/lib/armv7e-m\libc.a(ctype_aeabi.o)
 .debug_frame   0x000003c0       0x3c E:/Freescale/CW MCU v10.5/MCU/ARM_GCC_Support/ewl/lib/armv7e-m\libc.a(__strtoul.o)
 .debug_frame   0x000003fc       0x2c E:/Freescale/CW MCU v10.5/MCU/ARM_GCC_Support/ewl/lib/armv7e-m\libc.a(__filll_mem.o)
 .debug_frame   0x00000428       0x20 E:/Freescale/CW MCU v10.5/MCU/ARM_GCC_Support/ewl/lib/armv7e-m\libc.a(memchr.o)
 .debug_frame   0x00000448       0x20 E:/Freescale/CW MCU v10.5/MCU/ARM_GCC_Support/ewl/lib/armv7e-m\libc.a(strchr.o)
 .debug_frame   0x00000468       0x20 E:/Freescale/CW MCU v10.5/MCU/ARM_GCC_Support/ewl/lib/armv7e-m\libc.a(strlen.o)
 .debug_frame   0x00000488       0x40 E:/Freescale/CW MCU v10.5/MCU/ARM_GCC_Support/ewl/lib/armv7e-m\librt.a(gcc_ctor_dtor.o)
 .debug_frame   0x000004c8       0x48 E:/Freescale/CW MCU v10.5/MCU/ARM_GCC_Support/ewl/lib/armv7e-m\librt.a(ROMCopy.o)
 .debug_frame   0x00000510       0xac E:/Freescale/CW MCU v10.5/MCU/ARM_GCC_Support/ewl/lib/armv7e-m\librt.a(__arm_eabi_init.o)
